Archive member included to satisfy reference by file (symbol)

app/libapp.a(main.c.obj)      (--whole-archive)
app/libapp.a(adc.c.obj)       (--whole-archive)
app/libapp.a(IO.c.obj)        (--whole-archive)
app/libapp.a(threads.c.obj)   (--whole-archive)
app/libapp.a(uart.c.obj)      (--whole-archive)
zephyr/libzephyr.a(heap.c.obj)
                              (--whole-archive)
zephyr/libzephyr.a(cbprintf_packaged.c.obj)
                              (--whole-archive)
zephyr/libzephyr.a(printk.c.obj)
                              (--whole-archive)
zephyr/libzephyr.a(sem.c.obj)
                              (--whole-archive)
zephyr/libzephyr.a(thread_entry.c.obj)
                              (--whole-archive)
zephyr/libzephyr.a(cbprintf_complete.c.obj)
                              (--whole-archive)
zephyr/libzephyr.a(assert.c.obj)
                              (--whole-archive)
zephyr/libzephyr.a(reboot.c.obj)
                              (--whole-archive)
zephyr/libzephyr.a(dec.c.obj)
                              (--whole-archive)
zephyr/libzephyr.a(hex.c.obj)
                              (--whole-archive)
zephyr/libzephyr.a(rb.c.obj)  (--whole-archive)
zephyr/libzephyr.a(timeutil.c.obj)
                              (--whole-archive)
zephyr/libzephyr.a(bitarray.c.obj)
                              (--whole-archive)
zephyr/libzephyr.a(onoff.c.obj)
                              (--whole-archive)
zephyr/libzephyr.a(notify.c.obj)
                              (--whole-archive)
zephyr/libzephyr.a(configs.c.obj)
                              (--whole-archive)
zephyr/libzephyr.a(mem_attr.c.obj)
                              (--whole-archive)
zephyr/libzephyr.a(tracing_none.c.obj)
                              (--whole-archive)
zephyr/libzephyr.a(nrf_cc3xx_platform_abort_zephyr.c.obj)
                              (--whole-archive)
zephyr/libzephyr.a(nrf_cc3xx_platform_mutex_zephyr.c.obj)
                              (--whole-archive)
zephyr/arch/common/libarch__common.a(sw_isr_common.c.obj)
                              (--whole-archive)
zephyr/arch/arch/arm/core/libarch__arm__core.a(fatal.c.obj)
                              (--whole-archive)
zephyr/arch/arch/arm/core/libarch__arm__core.a(nmi.c.obj)
                              (--whole-archive)
zephyr/arch/arch/arm/core/libarch__arm__core.a(nmi_on_reset.S.obj)
                              (--whole-archive)
zephyr/arch/arch/arm/core/libarch__arm__core.a(tls.c.obj)
                              (--whole-archive)
zephyr/arch/arch/arm/core/cortex_m/libarch__arm__core__cortex_m.a(exc_exit.S.obj)
                              (--whole-archive)
zephyr/arch/arch/arm/core/cortex_m/libarch__arm__core__cortex_m.a(fault.c.obj)
                              (--whole-archive)
zephyr/arch/arch/arm/core/cortex_m/libarch__arm__core__cortex_m.a(fault_s.S.obj)
                              (--whole-archive)
zephyr/arch/arch/arm/core/cortex_m/libarch__arm__core__cortex_m.a(fpu.c.obj)
                              (--whole-archive)
zephyr/arch/arch/arm/core/cortex_m/libarch__arm__core__cortex_m.a(reset.S.obj)
                              (--whole-archive)
zephyr/arch/arch/arm/core/cortex_m/libarch__arm__core__cortex_m.a(scb.c.obj)
                              (--whole-archive)
zephyr/arch/arch/arm/core/cortex_m/libarch__arm__core__cortex_m.a(thread_abort.c.obj)
                              (--whole-archive)
zephyr/arch/arch/arm/core/cortex_m/libarch__arm__core__cortex_m.a(vector_table.S.obj)
                              (--whole-archive)
zephyr/arch/arch/arm/core/cortex_m/libarch__arm__core__cortex_m.a(swap.c.obj)
                              (--whole-archive)
zephyr/arch/arch/arm/core/cortex_m/libarch__arm__core__cortex_m.a(swap_helper.S.obj)
                              (--whole-archive)
zephyr/arch/arch/arm/core/cortex_m/libarch__arm__core__cortex_m.a(irq_manage.c.obj)
                              (--whole-archive)
zephyr/arch/arch/arm/core/cortex_m/libarch__arm__core__cortex_m.a(prep_c.c.obj)
                              (--whole-archive)
zephyr/arch/arch/arm/core/cortex_m/libarch__arm__core__cortex_m.a(thread.c.obj)
                              (--whole-archive)
zephyr/arch/arch/arm/core/cortex_m/libarch__arm__core__cortex_m.a(cpu_idle.S.obj)
                              (--whole-archive)
zephyr/arch/arch/arm/core/cortex_m/libarch__arm__core__cortex_m.a(irq_init.c.obj)
                              (--whole-archive)
zephyr/arch/arch/arm/core/cortex_m/libarch__arm__core__cortex_m.a(isr_wrapper.S.obj)
                              (--whole-archive)
zephyr/arch/arch/arm/core/cortex_m/libarch__arm__core__cortex_m.a(__aeabi_read_tp.S.obj)
                              (--whole-archive)
zephyr/arch/arch/arm/core/cortex_m/libarch__arm__core__cortex_m.a(timing.c.obj)
                              (--whole-archive)
zephyr/arch/arch/arm/core/mpu/libarch__arm__core__mpu.a(arm_core_mpu.c.obj)
                              (--whole-archive)
[...]
Memory Configuration

Name             Origin             Length             Attributes
FLASH            0x0000000000000000 0x0000000000100000 xr
RAM              0x0000000020000000 0x0000000000040000 xw
IDT_LIST         0x00000000ffff7fff 0x0000000000008000 xw
*default*        0x0000000000000000 0xffffffffffffffff

Linker script and memory map

                0x00000000000066ec                vfprintf = __l_vfprintf
                0x0000000000000000                vfscanf = __l_vfscanf
LOAD zephyr/CMakeFiles/zephyr_final.dir/misc/empty_file.c.obj
LOAD zephyr/CMakeFiles/zephyr_final.dir/isr_tables.c.obj
LOAD zephyr/CMakeFiles/offsets.dir/./arch/arm/core/offsets/offsets.c.obj
LOAD app/libapp.a
LOAD zephyr/libzephyr.a
LOAD zephyr/arch/common/libarch__common.a
LOAD zephyr/arch/arch/arm/core/libarch__arm__core.a
LOAD zephyr/arch/arch/arm/core/cortex_m/libarch__arm__core__cortex_m.a
LOAD zephyr/arch/arch/arm/core/mpu/libarch__arm__core__mpu.a
LOAD zephyr/lib/libc/picolibc/liblib__libc__picolibc.a
LOAD zephyr/lib/libc/common/liblib__libc__common.a
LOAD zephyr/soc/soc/arm/nordic_nrf/libsoc__arm__nordic_nrf.a
LOAD zephyr/subsys/timing/libsubsys__timing.a
LOAD zephyr/drivers/adc/libdrivers__adc.a
LOAD zephyr/drivers/clock_control/libdrivers__clock_control.a
LOAD zephyr/drivers/console/libdrivers__console.a
LOAD zephyr/drivers/gpio/libdrivers__gpio.a
LOAD zephyr/drivers/pinctrl/libdrivers__pinctrl.a
LOAD zephyr/drivers/serial/libdrivers__serial.a
LOAD zephyr/drivers/timer/libdrivers__timer.a
LOAD modules/nrf/lib/fatal_error/lib..__nrf__lib__fatal_error.a
LOAD modules/nrf/drivers/hw_cc3xx/lib..__nrf__drivers__hw_cc3xx.a
LOAD modules/hal_nordic/nrfx/libmodules__hal_nordic__nrfx.a
LOAD modules/segger/libmodules__segger.a
LOAD zephyr/kernel/libkernel.a
LOAD /opt/nordic/ncs/toolchains/580e4ef81c/opt/zephyr-sdk/arm-zephyr-eabi/bin/../lib/gcc/arm-zephyr-eabi/12.2.0/thumb/v7e-m/nofp/libgcc.a
LOAD zephyr/arch/common/libisr_tables.a
LOAD /opt/nordic/ncs/v2.6.99-cs2/nrfxlib/crypto/nrf_cc310_platform/lib/cortex-m4/soft-float/no-interrupts/libnrf_cc310_platform_0.9.19.a
LOAD /opt/nordic/ncs/toolchains/580e4ef81c/opt/zephyr-sdk/arm-zephyr-eabi/bin/../lib/gcc/../../picolibc/arm-zephyr-eabi/lib/thumb/v7e-m/nofp/libc.a
LOAD /opt/nordic/ncs/toolchains/580e4ef81c/opt/zephyr-sdk/arm-zephyr-eabi/bin/../lib/gcc/arm-zephyr-eabi/12.2.0/thumb/v7e-m/nofp/libgcc.a
                0x0000000000000020                _region_min_align = 0x20

.rel.plt        0x0000000000000000        0x0
 *(SORT_BY_ALIGNMENT(.rel.plt))
                [!provide]                        PROVIDE (__rel_iplt_start = .)
 *(SORT_BY_ALIGNMENT(.rel.iplt))
 .rel.iplt      0x0000000000000000        0x0 zephyr/CMakeFiles/zephyr_final.dir/isr_tables.c.obj
                [!provide]                        PROVIDE (__rel_iplt_end = .)

.rela.plt       0x0000000000000000        0x0
 *(SORT_BY_ALIGNMENT(.rela.plt))
                [!provide]                        PROVIDE (__rela_iplt_start = .)
 *(SORT_BY_ALIGNMENT(.rela.iplt))
                [!provide]                        PROVIDE (__rela_iplt_end = .)

.rel.dyn
 *(SORT_BY_ALIGNMENT(.rel.*))

.rela.dyn
 *(SORT_BY_ALIGNMENT(.rela.*))

/DISCARD/
 *(SORT_BY_ALIGNMENT(.plt))

/DISCARD/
 *(SORT_BY_ALIGNMENT(.iplt))
                0x0000000000000000                __rom_region_start = 0x0

rom_start       0x0000000000000000      0x100
                0x0000000000000000                __rom_start_address = .
 FILL mask 0x00
                0x0000000000000000                . = (. + (0x0 - (. - __rom_start_address)))
                0x0000000000000000                . = ALIGN (0x4)
                0x0000000000000000                . = ALIGN (0x80)
                0x0000000000000000                . = ALIGN (0x100)
                0x0000000000000000                _vector_start = .
 *(SORT_BY_ALIGNMENT(.exc_vector_table))
 *(SORT_BY_ALIGNMENT(.exc_vector_table.*))
 .exc_vector_table._vector_table_section
                0x0000000000000000       0x40 zephyr/arch/arch/arm/core/cortex_m/libarch__arm__core__cortex_m.a(vector_table.S.obj)
                0x0000000000000000                _vector_table
 *(SORT_BY_ALIGNMENT(.vectors))
                0x0000000000000100                _vector_end = .
                0x0000000000000040                . = ALIGN (0x4)
 *(SORT_BY_ALIGNMENT(.gnu.linkonce.irq_vector_table*))
 .gnu.linkonce.irq_vector_table
                0x0000000000000040       0xc0 zephyr/CMakeFiles/zephyr_final.dir/isr_tables.c.obj
                0x0000000000000040                _irq_vector_table
                0x0000000000000100                _vector_end = .

text            0x0000000000000100     0x7c4c
                0x0000000000000100                __text_region_start = .
 *(SORT_BY_ALIGNMENT(.text))
 .text          0x0000000000000100      0x378 /opt/nordic/ncs/toolchains/580e4ef81c/opt/zephyr-sdk/arm-zephyr-eabi/bin/../lib/gcc/arm-zephyr-eabi/12.2.0/thumb/v7e-m/nofp/libgcc.a(_arm_addsubdf3.o)
                0x0000000000000100                __aeabi_drsub
                0x0000000000000108                __subdf3
                0x0000000000000108                __aeabi_dsub
                0x000000000000010c                __aeabi_dadd
                0x000000000000010c                __adddf3
                0x0000000000000384                __aeabi_ui2d
                0x0000000000000384                __floatunsidf
                0x00000000000003a4                __floatsidf
                0x00000000000003a4                __aeabi_i2d
                0x00000000000003c8                __extendsfdf2
                0x00000000000003c8                __aeabi_f2d
                0x000000000000040c                __aeabi_ul2d
                0x000000000000040c                __floatundidf
                0x000000000000041c                __aeabi_l2d
                0x000000000000041c                __floatdidf
 .text          0x0000000000000478      0x424 /opt/nordic/ncs/toolchains/580e4ef81c/opt/zephyr-sdk/arm-zephyr-eabi/bin/../lib/gcc/arm-zephyr-eabi/12.2.0/thumb/v7e-m/nofp/libgcc.a(_arm_muldivdf3.o)
                0x0000000000000478                __aeabi_dmul
                0x0000000000000478                __muldf3
                0x00000000000006cc                __aeabi_ddiv
                0x00000000000006cc                __divdf3
 .text          0x000000000000089c       0xa0 /opt/nordic/ncs/toolchains/580e4ef81c/opt/zephyr-sdk/arm-zephyr-eabi/bin/../lib/gcc/arm-zephyr-eabi/12.2.0/thumb/v7e-m/nofp/libgcc.a(_arm_truncdfsf2.o)
                0x000000000000089c                __aeabi_d2f
                0x000000000000089c                __truncdfsf2
 .text          0x000000000000093c      0x21c /opt/nordic/ncs/toolchains/580e4ef81c/opt/zephyr-sdk/arm-zephyr-eabi/bin/../lib/gcc/arm-zephyr-eabi/12.2.0/thumb/v7e-m/nofp/libgcc.a(_arm_addsubsf3.o)
                0x000000000000093c                __aeabi_frsub
                0x0000000000000944                __aeabi_fsub
                0x0000000000000944                __subsf3
                0x0000000000000948                __aeabi_fadd
                0x0000000000000948                __addsf3
                0x0000000000000aa8                __aeabi_ui2f
                0x0000000000000aa8                __floatunsisf
                0x0000000000000ab0                __floatsisf
                0x0000000000000ab0                __aeabi_i2f
                0x0000000000000acc                __aeabi_ul2f
                0x0000000000000acc                __floatundisf
                0x0000000000000adc                __aeabi_l2f
                0x0000000000000adc                __floatdisf
 .text          0x0000000000000b58       0xec /opt/nordic/ncs/toolchains/580e4ef81c/opt/zephyr-sdk/arm-zephyr-eabi/bin/../lib/gcc/arm-zephyr-eabi/12.2.0/thumb/v7e-m/nofp/libgcc.a(_arm_cmpsf2.o)
                0x0000000000000b58                __gesf2
                0x0000000000000b58                __gtsf2
                0x0000000000000b60                __ltsf2
                0x0000000000000b60                __lesf2
                0x0000000000000b68                __nesf2
                0x0000000000000b68                __eqsf2
                0x0000000000000b68                __cmpsf2
                0x0000000000000bc8                __aeabi_cfrcmple
                0x0000000000000bd0                __aeabi_cfcmpeq
                0x0000000000000bd0                __aeabi_cfcmple
                0x0000000000000be0                __aeabi_fcmpeq
                0x0000000000000bf4                __aeabi_fcmplt
                0x0000000000000c08                __aeabi_fcmple
                0x0000000000000c1c                __aeabi_fcmpge
                0x0000000000000c30                __aeabi_fcmpgt
 .text          0x0000000000000c44       0x30 /opt/nordic/ncs/toolchains/580e4ef81c/opt/zephyr-sdk/arm-zephyr-eabi/bin/../lib/gcc/arm-zephyr-eabi/12.2.0/thumb/v7e-m/nofp/libgcc.a(_aeabi_uldivmod.o)
                0x0000000000000c44                __aeabi_uldivmod
 .text          0x0000000000000c74       0x40 /opt/nordic/ncs/toolchains/580e4ef81c/opt/zephyr-sdk/arm-zephyr-eabi/bin/../lib/gcc/arm-zephyr-eabi/12.2.0/thumb/v7e-m/nofp/libgcc.a(_fixunssfdi.o)
                0x0000000000000c74                __aeabi_f2ulz
                0x0000000000000c74                __fixunssfdi
 .text          0x0000000000000cb4        0x4 /opt/nordic/ncs/toolchains/580e4ef81c/opt/zephyr-sdk/arm-zephyr-eabi/bin/../lib/gcc/arm-zephyr-eabi/12.2.0/thumb/v7e-m/nofp/libgcc.a(_dvmd_tls.o)
                0x0000000000000cb4                __aeabi_ldiv0
                0x0000000000000cb4                __aeabi_idiv0
 .text          0x0000000000000cb8       0x40 /opt/nordic/ncs/toolchains/580e4ef81c/opt/zephyr-sdk/arm-zephyr-eabi/bin/../lib/gcc/arm-zephyr-eabi/12.2.0/thumb/v7e-m/nofp/libgcc.a(_arm_fixunsdfsi.o)
                0x0000000000000cb8                __fixunsdfsi
                0x0000000000000cb8                __aeabi_d2uiz
 .text          0x0000000000000cf8       0x26 /opt/nordic/ncs/toolchains/580e4ef81c/opt/zephyr-sdk/arm-zephyr-eabi/bin/../lib/gcc/arm-zephyr-eabi/12.2.0/thumb/v7e-m/nofp/libgcc.a(_fixsfdi.o)
                0x0000000000000cf8                __aeabi_f2lz
                0x0000000000000cf8                __fixsfdi
 .text          0x0000000000000d1e      0x2a0 /opt/nordic/ncs/toolchains/580e4ef81c/opt/zephyr-sdk/arm-zephyr-eabi/bin/../lib/gcc/arm-zephyr-eabi/12.2.0/thumb/v7e-m/nofp/libgcc.a(_udivmoddi4.o)
                0x0000000000000d1e                __udivmoddi4
 .text          0x0000000000000fbe       0x10 /opt/nordic/ncs/toolchains/580e4ef81c/opt/zephyr-sdk/arm-zephyr-eabi/bin/../lib/gcc/../../picolibc/arm-zephyr-eabi/lib/thumb/v7e-m/nofp/libc.a(strcpy.S.o)
                0x0000000000000fbe                strcpy
 *(SORT_BY_ALIGNMENT(.text.*))
 *fill*         0x0000000000000fce        0x2 
 .text.print_UI
                0x0000000000000fd0      0x158 app/libapp.a(uart.c.obj)
                0x0000000000000fd0                print_UI
 .text.read_user_inp
                0x0000000000001128      0x3d0 app/libapp.a(uart.c.obj)
                0x0000000000001128                read_user_inp
 .text.outputs_config
                0x00000000000014f8       0xb0 app/libapp.a(main.c.obj)
                0x00000000000014f8                outputs_config
 .text.main     0x00000000000015a8       0x2c app/libapp.a(main.c.obj)
                0x00000000000015a8                main
 .text.adc_sample
                0x00000000000015d4       0x14 app/libapp.a(adc.c.obj)
                0x00000000000015d4                adc_sample
 .text.button_pressed
                0x00000000000015e8       0x58 app/libapp.a(IO.c.obj)
                0x00000000000015e8                button_pressed
 .text.button_config
                0x0000000000001640      0x10c app/libapp.a(IO.c.obj)
                0x0000000000001640                button_config
 .text.thread_Led_1_code
                0x000000000000174c       0x28 app/libapp.a(threads.c.obj)
                0x000000000000174c                thread_Led_1_code
 .text.thread_Led_2_code
                0x0000000000001774       0x28 app/libapp.a(threads.c.obj)
                0x0000000000001774                thread_Led_2_code
 .text.thread_Led_3_code
                0x000000000000179c       0x28 app/libapp.a(threads.c.obj)
                0x000000000000179c                thread_Led_3_code
 .text.thread_Led_4_code
                0x00000000000017c4       0x28 app/libapp.a(threads.c.obj)
                0x00000000000017c4                thread_Led_4_code
 .text.thread_INPUTS_code
                0x00000000000017ec       0x70 app/libapp.a(threads.c.obj)
                0x00000000000017ec                thread_INPUTS_code
 .text.thread_UART_code
                0x000000000000185c       0x3c app/libapp.a(threads.c.obj)
                0x000000000000185c                thread_UART_code
 .text.thread_ADC_read
                0x0000000000001898       0x90 app/libapp.a(threads.c.obj)
                0x0000000000001898                thread_ADC_read
 .text.thread_OUTPUTS_code
                0x0000000000001928       0xdc app/libapp.a(threads.c.obj)
                0x0000000000001928                thread_OUTPUTS_code
 .text.configure_threads
                0x0000000000001a04      0x1d8 app/libapp.a(threads.c.obj)
                0x0000000000001a04                configure_threads
 .text.uart_init
                0x0000000000001bdc       0x6c app/libapp.a(uart.c.obj)
                0x0000000000001bdc                uart_init
 .text.uart_cb  0x0000000000001c48       0xf4 app/libapp.a(uart.c.obj)
                0x0000000000001c48                uart_cb
 .text.char_out
                0x0000000000001d3c        0xc zephyr/libzephyr.a(printk.c.obj)
 .text.vprintk  0x0000000000001d48       0x30 zephyr/libzephyr.a(printk.c.obj)
                0x0000000000001d48                vprintk
 .text.__printk_hook_install
                0x0000000000001d78        0xc zephyr/libzephyr.a(printk.c.obj)
                0x0000000000001d78                __printk_hook_install
 .text.z_thread_entry
                0x0000000000001d84       0x34 zephyr/libzephyr.a(thread_entry.c.obj)
                0x0000000000001d84                z_thread_entry
 .text.sys_reboot
                0x0000000000001db8       0x30 zephyr/libzephyr.a(reboot.c.obj)
                0x0000000000001db8                sys_reboot
 .text.process_event
                0x0000000000001de8      0x21c zephyr/libzephyr.a(onoff.c.obj)
 .text.mem_attr_get_regions
                0x0000000000002004        0xc zephyr/libzephyr.a(mem_attr.c.obj)
                0x0000000000002004                mem_attr_get_regions
 .text.nrf_cc3xx_platform_abort_init
                0x0000000000002010        0xc zephyr/libzephyr.a(nrf_cc3xx_platform_abort_zephyr.c.obj)
                0x0000000000002010                nrf_cc3xx_platform_abort_init
 .text.mutex_free_platform
                0x000000000000201c       0x54 zephyr/libzephyr.a(nrf_cc3xx_platform_mutex_zephyr.c.obj)
 .text.mutex_lock_platform
                0x0000000000002070       0x60 zephyr/libzephyr.a(nrf_cc3xx_platform_mutex_zephyr.c.obj)
 .text.mutex_unlock_platform
                0x00000000000020d0       0x58 zephyr/libzephyr.a(nrf_cc3xx_platform_mutex_zephyr.c.obj)
 .text.mutex_init_platform
                0x0000000000002128       0x94 zephyr/libzephyr.a(nrf_cc3xx_platform_mutex_zephyr.c.obj)
 .text.nrf_cc3xx_platform_mutex_init
                0x00000000000021bc       0x2c zephyr/libzephyr.a(nrf_cc3xx_platform_mutex_zephyr.c.obj)
                0x00000000000021bc                nrf_cc3xx_platform_mutex_init
 .text.z_SysNmiOnReset
                0x00000000000021e8        0x8 zephyr/arch/arch/arm/core/libarch__arm__core.a(nmi_on_reset.S.obj)
                0x00000000000021e8                z_SysNmiOnReset
 .text.arch_tls_stack_setup
                0x00000000000021f0       0x40 zephyr/arch/arch/arm/core/libarch__arm__core.a(tls.c.obj)
                0x00000000000021f0                arch_tls_stack_setup
 .text._HandlerModeExit
                0x0000000000002230       0x1c zephyr/arch/arch/arm/core/cortex_m/libarch__arm__core__cortex_m.a(exc_exit.S.obj)
                0x0000000000002230                z_arm_exc_exit
                0x0000000000002230                z_arm_int_exit
 .text.mem_manage_fault
                0x000000000000224c       0xa0 zephyr/arch/arch/arm/core/cortex_m/libarch__arm__core__cortex_m.a(fault.c.obj)
 .text.usage_fault.constprop.0
                0x00000000000022ec       0x54 zephyr/arch/arch/arm/core/cortex_m/libarch__arm__core__cortex_m.a(fault.c.obj)
 .text.bus_fault.constprop.0
                0x0000000000002340       0x6c zephyr/arch/arch/arm/core/cortex_m/libarch__arm__core__cortex_m.a(fault.c.obj)
 .text.z_arm_fault
                0x00000000000023ac      0x128 zephyr/arch/arch/arm/core/cortex_m/libarch__arm__core__cortex_m.a(fault.c.obj)
                0x00000000000023ac                z_arm_fault
 .text.z_arm_fault_init
                0x00000000000024d4       0x10 zephyr/arch/arch/arm/core/cortex_m/libarch__arm__core__cortex_m.a(fault.c.obj)
                0x00000000000024d4                z_arm_fault_init
 .text.__fault  0x00000000000024e4       0x14 zephyr/arch/arch/arm/core/cortex_m/libarch__arm__core__cortex_m.a(fault_s.S.obj)
                0x00000000000024e4                z_arm_bus_fault
                0x00000000000024e4                z_arm_usage_fault
                0x00000000000024e4                z_arm_mpu_fault
                0x00000000000024e4                z_arm_exc_spurious
                0x00000000000024e4                z_arm_debug_monitor
                0x00000000000024e4                z_arm_hard_fault
 .text._reset_section
                0x00000000000024f8       0x54 zephyr/arch/arch/arm/core/cortex_m/libarch__arm__core__cortex_m.a(reset.S.obj)
                0x00000000000024f8                z_arm_reset
                0x00000000000024f8                __start
 .text.sys_arch_reboot
                0x000000000000254c       0x24 zephyr/arch/arch/arm/core/cortex_m/libarch__arm__core__cortex_m.a(scb.c.obj)
                0x000000000000254c                sys_arch_reboot
 .text.z_arm_clear_arm_mpu_config
                0x0000000000002570       0x24 zephyr/arch/arch/arm/core/cortex_m/libarch__arm__core__cortex_m.a(scb.c.obj)
                0x0000000000002570                z_arm_clear_arm_mpu_config
 .text.z_arm_init_arch_hw_at_boot
                0x0000000000002594       0x64 zephyr/arch/arch/arm/core/cortex_m/libarch__arm__core__cortex_m.a(scb.c.obj)
                0x0000000000002594                z_arm_init_arch_hw_at_boot
 .text.z_impl_k_thread_abort
                0x00000000000025f8       0x2c zephyr/arch/arch/arm/core/cortex_m/libarch__arm__core__cortex_m.a(thread_abort.c.obj)
                0x00000000000025f8                z_impl_k_thread_abort
 .text.arch_swap
                0x0000000000002624       0x30 zephyr/arch/arch/arm/core/cortex_m/libarch__arm__core__cortex_m.a(swap.c.obj)
                0x0000000000002624                arch_swap
 .text.z_arm_pendsv
                0x0000000000002654       0x64 zephyr/arch/arch/arm/core/cortex_m/libarch__arm__core__cortex_m.a(swap_helper.S.obj)
                0x0000000000002654                z_arm_pendsv
 .text.z_arm_svc
                0x00000000000026b8       0x20 zephyr/arch/arch/arm/core/cortex_m/libarch__arm__core__cortex_m.a(swap_helper.S.obj)
                0x00000000000026b8                z_arm_svc
 .text.arch_irq_enable
                0x00000000000026d8       0x1c zephyr/arch/arch/arm/core/cortex_m/libarch__arm__core__cortex_m.a(irq_manage.c.obj)
                0x00000000000026d8                arch_irq_enable
 .text.arch_irq_disable
                0x00000000000026f4       0x28 zephyr/arch/arch/arm/core/cortex_m/libarch__arm__core__cortex_m.a(irq_manage.c.obj)
                0x00000000000026f4                arch_irq_disable
 .text.arch_irq_is_enabled
                0x000000000000271c       0x1c zephyr/arch/arch/arm/core/cortex_m/libarch__arm__core__cortex_m.a(irq_manage.c.obj)
                0x000000000000271c                arch_irq_is_enabled
 .text.z_arm_irq_priority_set
                0x0000000000002738       0x30 zephyr/arch/arch/arm/core/cortex_m/libarch__arm__core__cortex_m.a(irq_manage.c.obj)
                0x0000000000002738                z_arm_irq_priority_set
 .text.z_prep_c
                0x0000000000002768       0x38 zephyr/arch/arch/arm/core/cortex_m/libarch__arm__core__cortex_m.a(prep_c.c.obj)
                0x0000000000002768                z_prep_c
 .text.arch_new_thread
                0x00000000000027a0       0x38 zephyr/arch/arch/arm/core/cortex_m/libarch__arm__core__cortex_m.a(thread.c.obj)
                0x00000000000027a0                arch_new_thread
 .text.z_check_thread_stack_fail
                0x00000000000027d8       0x2c zephyr/arch/arch/arm/core/cortex_m/libarch__arm__core__cortex_m.a(thread.c.obj)
                0x00000000000027d8                z_check_thread_stack_fail
 .text.arch_switch_to_main_thread
                0x0000000000002804       0x38 zephyr/arch/arch/arm/core/cortex_m/libarch__arm__core__cortex_m.a(thread.c.obj)
                0x0000000000002804                arch_switch_to_main_thread
 .text.z_arm_cpu_idle_init
                0x000000000000283c        0xc zephyr/arch/arch/arm/core/cortex_m/libarch__arm__core__cortex_m.a(cpu_idle.S.obj)
                0x000000000000283c                z_arm_cpu_idle_init
 .text.arch_cpu_idle
                0x0000000000002848       0x1c zephyr/arch/arch/arm/core/cortex_m/libarch__arm__core__cortex_m.a(cpu_idle.S.obj)
                0x0000000000002848                arch_cpu_idle
 .text.arch_cpu_atomic_idle
                0x0000000000002864       0x18 zephyr/arch/arch/arm/core/cortex_m/libarch__arm__core__cortex_m.a(cpu_idle.S.obj)
                0x0000000000002864                arch_cpu_atomic_idle
 .text.z_arm_interrupt_init
                0x000000000000287c       0x18 zephyr/arch/arch/arm/core/cortex_m/libarch__arm__core__cortex_m.a(irq_init.c.obj)
                0x000000000000287c                z_arm_interrupt_init
 .text._isr_wrapper
                0x0000000000002894       0x28 zephyr/arch/arch/arm/core/cortex_m/libarch__arm__core__cortex_m.a(isr_wrapper.S.obj)
                0x0000000000002894                _isr_wrapper
 .text.z_arm_configure_static_mpu_regions
                0x00000000000028bc       0x18 zephyr/arch/arch/arm/core/mpu/libarch__arm__core__mpu.a(arm_core_mpu.c.obj)
                0x00000000000028bc                z_arm_configure_static_mpu_regions
 .text.z_arm_configure_dynamic_mpu_regions
                0x00000000000028d4       0x20 zephyr/arch/arch/arm/core/mpu/libarch__arm__core__mpu.a(arm_core_mpu.c.obj)
                0x00000000000028d4                z_arm_configure_dynamic_mpu_regions
 .text.region_init
                0x00000000000028f4       0x28 zephyr/arch/arch/arm/core/mpu/libarch__arm__core__mpu.a(arm_mpu.c.obj)
 .text.mpu_configure_regions
                0x000000000000291c       0x6c zephyr/arch/arch/arm/core/mpu/libarch__arm__core__mpu.a(arm_mpu.c.obj)
 .text.arm_core_mpu_enable
                0x0000000000002988       0x18 zephyr/arch/arch/arm/core/mpu/libarch__arm__core__mpu.a(arm_mpu.c.obj)
                0x0000000000002988                arm_core_mpu_enable
 .text.arm_core_mpu_disable
                0x00000000000029a0       0x14 zephyr/arch/arch/arm/core/mpu/libarch__arm__core__mpu.a(arm_mpu.c.obj)
                0x00000000000029a0                arm_core_mpu_disable
 .text.arm_core_mpu_configure_static_mpu_regions
                0x00000000000029b4       0x14 zephyr/arch/arch/arm/core/mpu/libarch__arm__core__mpu.a(arm_mpu.c.obj)
                0x00000000000029b4                arm_core_mpu_configure_static_mpu_regions
 .text.arm_core_mpu_configure_dynamic_mpu_regions
                0x00000000000029c8       0x38 zephyr/arch/arch/arm/core/mpu/libarch__arm__core__mpu.a(arm_mpu.c.obj)
                0x00000000000029c8                arm_core_mpu_configure_dynamic_mpu_regions
 .text.z_arm_mpu_init
                0x0000000000002a00      0x160 zephyr/arch/arch/arm/core/mpu/libarch__arm__core__mpu.a(arm_mpu.c.obj)
                0x0000000000002a00                z_arm_mpu_init
 .text.z_impl_zephyr_fputc
                0x0000000000002b60       0x10 zephyr/lib/libc/picolibc/liblib__libc__picolibc.a(libc-hooks.c.obj)
                0x0000000000002b60                z_impl_zephyr_fputc
 .text.__stdout_hook_install
                0x0000000000002b70       0x18 zephyr/lib/libc/picolibc/liblib__libc__picolibc.a(libc-hooks.c.obj)
                0x0000000000002b70                __stdout_hook_install
 .text._exit    0x0000000000002b88       0x10 zephyr/lib/libc/picolibc/liblib__libc__picolibc.a(libc-hooks.c.obj)
                0x0000000000002b88                _exit
 .text.malloc_prepare
                0x0000000000002b98       0x24 zephyr/lib/libc/common/liblib__libc__common.a(malloc.c.obj)
 .text.nordicsemi_nrf52_init
                0x0000000000002bbc       0x44 zephyr/soc/soc/arm/nordic_nrf/libsoc__arm__nordic_nrf.a(soc.c.obj)
 .text.arch_busy_wait
                0x0000000000002c00       0x14 zephyr/soc/soc/arm/nordic_nrf/libsoc__arm__nordic_nrf.a(soc.c.obj)
                0x0000000000002c00                arch_busy_wait
 .text.z_arm_platform_init
                0x0000000000002c14        0x4 zephyr/soc/soc/arm/nordic_nrf/libsoc__arm__nordic_nrf.a(soc_nrf_common.S.obj)
                0x0000000000002c14                z_arm_platform_init
 .text.adc_context_start_sampling
                0x0000000000002c18       0x1c zephyr/drivers/adc/libdrivers__adc.a(adc_nrfx_saadc.c.obj)
 .text.adc_nrfx_channel_setup
                0x0000000000002c34       0xd0 zephyr/drivers/adc/libdrivers__adc.a(adc_nrfx_saadc.c.obj)
 .text.adc_nrfx_read
                0x0000000000002d04      0x180 zephyr/drivers/adc/libdrivers__adc.a(adc_nrfx_saadc.c.obj)
 .text.init_saadc
                0x0000000000002e84       0x44 zephyr/drivers/adc/libdrivers__adc.a(adc_nrfx_saadc.c.obj)
 .text.saadc_irq_handler
                0x0000000000002ec8       0xcc zephyr/drivers/adc/libdrivers__adc.a(adc_nrfx_saadc.c.obj)
 .text.onoff_stop
                0x0000000000002f94       0x30 zephyr/drivers/clock_control/libdrivers__clock_control.a(clock_control_nrf.c.obj)
 .text.onoff_start
                0x0000000000002fc4       0x44 zephyr/drivers/clock_control/libdrivers__clock_control.a(clock_control_nrf.c.obj)
 .text.clk_init
                0x0000000000003008       0x58 zephyr/drivers/clock_control/libdrivers__clock_control.a(clock_control_nrf.c.obj)
 .text.clkstarted_handle.constprop.0
                0x0000000000003060       0x34 zephyr/drivers/clock_control/libdrivers__clock_control.a(clock_control_nrf.c.obj)
 .text.clock_event_handler
                0x0000000000003094       0x1c zephyr/drivers/clock_control/libdrivers__clock_control.a(clock_control_nrf.c.obj)
 .text.generic_hfclk_start
                0x00000000000030b0       0x64 zephyr/drivers/clock_control/libdrivers__clock_control.a(clock_control_nrf.c.obj)
 .text.api_blocking_start
                0x0000000000003114       0x34 zephyr/drivers/clock_control/libdrivers__clock_control.a(clock_control_nrf.c.obj)
 .text.generic_hfclk_stop
                0x0000000000003148       0x34 zephyr/drivers/clock_control/libdrivers__clock_control.a(clock_control_nrf.c.obj)
 .text.z_nrf_clock_control_lf_on
                0x000000000000317c       0xfc zephyr/drivers/clock_control/libdrivers__clock_control.a(clock_control_nrf.c.obj)
                0x000000000000317c                z_nrf_clock_control_lf_on
 .text.uart_console_init
                0x0000000000003278       0x28 zephyr/drivers/console/libdrivers__console.a(uart_console.c.obj)
 .text.console_out
                0x00000000000032a0       0x28 zephyr/drivers/console/libdrivers__console.a(uart_console.c.obj)
 .text.gpio_nrfx_pin_interrupt_configure
                0x00000000000032c8      0x100 zephyr/drivers/gpio/libdrivers__gpio.a(gpio_nrfx.c.obj)
 .text.gpio_nrfx_init
                0x00000000000033c8       0x48 zephyr/drivers/gpio/libdrivers__gpio.a(gpio_nrfx.c.obj)
 .text.nrfx_gpio_handler
                0x0000000000003410       0x4c zephyr/drivers/gpio/libdrivers__gpio.a(gpio_nrfx.c.obj)
 .text.gpio_nrfx_pin_configure
                0x000000000000345c      0x18c zephyr/drivers/gpio/libdrivers__gpio.a(gpio_nrfx.c.obj)
 .text.nrf_gpio_pin_port_decode
                0x00000000000035e8       0x20 zephyr/drivers/pinctrl/libdrivers__pinctrl.a(pinctrl_nrf.c.obj)
 .text.pinctrl_configure_pins
                0x0000000000003608      0x1a4 zephyr/drivers/pinctrl/libdrivers__pinctrl.a(pinctrl_nrf.c.obj)
                0x0000000000003608                pinctrl_configure_pins
 .text.uarte_nrfx_tx
                0x00000000000037ac       0xb4 zephyr/drivers/serial/libdrivers__serial.a(uart_nrfx_uarte.c.obj)
 .text.uarte_0_init
                0x0000000000003860      0x2f4 zephyr/drivers/serial/libdrivers__serial.a(uart_nrfx_uarte.c.obj)
 .text.uarte_nrfx_poll_out
                0x0000000000003b54       0xc0 zephyr/drivers/serial/libdrivers__serial.a(uart_nrfx_uarte.c.obj)
 .text.uarte_nrfx_isr_async
                0x0000000000003c14      0x370 zephyr/drivers/serial/libdrivers__serial.a(uart_nrfx_uarte.c.obj)
 .text.compare_int_lock
                0x0000000000003f84       0x48 zephyr/drivers/timer/libdrivers__timer.a(nrf_rtc_timer.c.obj)
 .text.sys_clock_timeout_handler
                0x0000000000003fcc       0x48 zephyr/drivers/timer/libdrivers__timer.a(nrf_rtc_timer.c.obj)
 .text.compare_int_unlock
                0x0000000000004014       0x5c zephyr/drivers/timer/libdrivers__timer.a(nrf_rtc_timer.c.obj)
 .text.z_nrf_rtc_timer_read
                0x0000000000004070       0x44 zephyr/drivers/timer/libdrivers__timer.a(nrf_rtc_timer.c.obj)
                0x0000000000004070                z_nrf_rtc_timer_read
 .text.compare_set
                0x00000000000040b4      0x130 zephyr/drivers/timer/libdrivers__timer.a(nrf_rtc_timer.c.obj)
 .text.sys_clock_driver_init
                0x00000000000041e4       0x90 zephyr/drivers/timer/libdrivers__timer.a(nrf_rtc_timer.c.obj)
 .text.rtc_nrf_isr
                0x0000000000004274       0xd4 zephyr/drivers/timer/libdrivers__timer.a(nrf_rtc_timer.c.obj)
                0x0000000000004274                rtc_nrf_isr
 .text.sys_clock_set_timeout
                0x0000000000004348       0x5c zephyr/drivers/timer/libdrivers__timer.a(nrf_rtc_timer.c.obj)
                0x0000000000004348                sys_clock_set_timeout
 .text.sys_clock_elapsed
                0x00000000000043a4       0x14 zephyr/drivers/timer/libdrivers__timer.a(nrf_rtc_timer.c.obj)
                0x00000000000043a4                sys_clock_elapsed
 .text.sys_clock_disable
                0x00000000000043b8       0x30 zephyr/drivers/timer/libdrivers__timer.a(nrf_rtc_timer.c.obj)
                0x00000000000043b8                sys_clock_disable
 .text.nrf52_errata_98
                0x00000000000043e8       0x24 modules/hal_nordic/nrfx/libmodules__hal_nordic__nrfx.a(system_nrf52840.c.obj)
 .text.nvmc_wait
                0x000000000000440c       0x10 modules/hal_nordic/nrfx/libmodules__hal_nordic__nrfx.a(system_nrf52840.c.obj)
                0x000000000000440c                nvmc_wait
 .text.SystemInit
                0x000000000000441c      0x1bc modules/hal_nordic/nrfx/libmodules__hal_nordic__nrfx.a(system_nrf52840.c.obj)
                0x000000000000441c                SystemInit
 .text.nrfx_flag32_alloc
                0x00000000000045d8       0x48 modules/hal_nordic/nrfx/libmodules__hal_nordic__nrfx.a(nrfx_flag32_allocator.c.obj)
                0x00000000000045d8                nrfx_flag32_alloc
 .text.nrfx_flag32_free
                0x0000000000004620       0x40 modules/hal_nordic/nrfx/libmodules__hal_nordic__nrfx.a(nrfx_flag32_allocator.c.obj)
                0x0000000000004620                nrfx_flag32_free
 .text.nrfx_gppi_channels_enable
                0x0000000000004660        0xc modules/hal_nordic/nrfx/libmodules__hal_nordic__nrfx.a(nrfx_gppi_ppi.c.obj)
                0x0000000000004660                nrfx_gppi_channels_enable
 .text.clock_stop
                0x000000000000466c       0xc4 modules/hal_nordic/nrfx/libmodules__hal_nordic__nrfx.a(nrfx_clock.c.obj)
 .text.nrfx_clock_init
                0x0000000000004730       0x20 modules/hal_nordic/nrfx/libmodules__hal_nordic__nrfx.a(nrfx_clock.c.obj)
                0x0000000000004730                nrfx_clock_init
 .text.nrfx_clock_enable
                0x0000000000004750       0x24 modules/hal_nordic/nrfx/libmodules__hal_nordic__nrfx.a(nrfx_clock.c.obj)
                0x0000000000004750                nrfx_clock_enable
 .text.nrfx_clock_start
                0x0000000000004774       0xa8 modules/hal_nordic/nrfx/libmodules__hal_nordic__nrfx.a(nrfx_clock.c.obj)
                0x0000000000004774                nrfx_clock_start
 .text.nrfx_power_clock_irq_handler
                0x000000000000481c       0x68 modules/hal_nordic/nrfx/libmodules__hal_nordic__nrfx.a(nrfx_clock.c.obj)
                0x000000000000481c                nrfx_power_clock_irq_handler
 .text.nrf_gpio_pin_port_decode
                0x0000000000004884       0x20 modules/hal_nordic/nrfx/libmodules__hal_nordic__nrfx.a(nrfx_gpiote.c.obj)
 .text.get_pin_idx
                0x00000000000048a4       0x14 modules/hal_nordic/nrfx/libmodules__hal_nordic__nrfx.a(nrfx_gpiote.c.obj)
 .text.call_handler.constprop.0
                0x00000000000048b8       0x40 modules/hal_nordic/nrfx/libmodules__hal_nordic__nrfx.a(nrfx_gpiote.c.obj)
 .text.pin_te_get.constprop.0
                0x00000000000048f8       0x18 modules/hal_nordic/nrfx/libmodules__hal_nordic__nrfx.a(nrfx_gpiote.c.obj)
 .text.pin_is_output.constprop.0
                0x0000000000004910       0x18 modules/hal_nordic/nrfx/libmodules__hal_nordic__nrfx.a(nrfx_gpiote.c.obj)
 .text.pin_in_use_by_te.constprop.0
                0x0000000000004928       0x18 modules/hal_nordic/nrfx/libmodules__hal_nordic__nrfx.a(nrfx_gpiote.c.obj)
 .text.latch_pending_read_and_check
                0x0000000000004940       0x40 modules/hal_nordic/nrfx/libmodules__hal_nordic__nrfx.a(nrfx_gpiote.c.obj)
 .text.release_handler.isra.0
                0x0000000000004980       0x58 modules/hal_nordic/nrfx/libmodules__hal_nordic__nrfx.a(nrfx_gpiote.c.obj)
 .text.__nrfy_internal_gpiote_events_process.constprop.0
                0x00000000000049d8       0x5c modules/hal_nordic/nrfx/libmodules__hal_nordic__nrfx.a(nrfx_gpiote.c.obj)
 .text.pin_uninit
                0x0000000000004a34       0x80 modules/hal_nordic/nrfx/libmodules__hal_nordic__nrfx.a(nrfx_gpiote.c.obj)
 .text.nrfx_gpiote_input_configure
                0x0000000000004ab4      0x174 modules/hal_nordic/nrfx/libmodules__hal_nordic__nrfx.a(nrfx_gpiote.c.obj)
                0x0000000000004ab4                nrfx_gpiote_input_configure
 .text.nrfx_gpiote_output_configure
                0x0000000000004c28       0xfc modules/hal_nordic/nrfx/libmodules__hal_nordic__nrfx.a(nrfx_gpiote.c.obj)
                0x0000000000004c28                nrfx_gpiote_output_configure
 .text.nrfx_gpiote_global_callback_set
                0x0000000000004d24        0xc modules/hal_nordic/nrfx/libmodules__hal_nordic__nrfx.a(nrfx_gpiote.c.obj)
                0x0000000000004d24                nrfx_gpiote_global_callback_set
 .text.nrfx_gpiote_channel_get
                0x0000000000004d30       0x34 modules/hal_nordic/nrfx/libmodules__hal_nordic__nrfx.a(nrfx_gpiote.c.obj)
                0x0000000000004d30                nrfx_gpiote_channel_get
 .text.nrfx_gpiote_init
                0x0000000000004d64       0x70 modules/hal_nordic/nrfx/libmodules__hal_nordic__nrfx.a(nrfx_gpiote.c.obj)
                0x0000000000004d64                nrfx_gpiote_init
 .text.nrfx_gpiote_init_check
                0x0000000000004dd4       0x14 modules/hal_nordic/nrfx/libmodules__hal_nordic__nrfx.a(nrfx_gpiote.c.obj)
                0x0000000000004dd4                nrfx_gpiote_init_check
 .text.nrfx_gpiote_channel_free
                0x0000000000004de8        0xc modules/hal_nordic/nrfx/libmodules__hal_nordic__nrfx.a(nrfx_gpiote.c.obj)
                0x0000000000004de8                nrfx_gpiote_channel_free
 .text.nrfx_gpiote_channel_alloc
                0x0000000000004df4        0xc modules/hal_nordic/nrfx/libmodules__hal_nordic__nrfx.a(nrfx_gpiote.c.obj)
                0x0000000000004df4                nrfx_gpiote_channel_alloc
 .text.nrfx_gpiote_trigger_enable
                0x0000000000004e00       0x9c modules/hal_nordic/nrfx/libmodules__hal_nordic__nrfx.a(nrfx_gpiote.c.obj)
                0x0000000000004e00                nrfx_gpiote_trigger_enable
 .text.nrfx_gpiote_0_irq_handler
                0x0000000000004e9c      0x1bc modules/hal_nordic/nrfx/libmodules__hal_nordic__nrfx.a(nrfx_gpiote.c.obj)
                0x0000000000004e9c                nrfx_gpiote_0_irq_handler
 .text.nrfx_ppi_channel_alloc
                0x0000000000005058        0xc modules/hal_nordic/nrfx/libmodules__hal_nordic__nrfx.a(nrfx_ppi.c.obj)
                0x0000000000005058                nrfx_ppi_channel_alloc
 .text._DoInit  0x0000000000005064       0x68 modules/segger/libmodules__segger.a(SEGGER_RTT.c.obj)
 .text.z_fatal_error
                0x00000000000050cc       0x30 zephyr/kernel/libkernel.a(fatal.c.obj)
                0x00000000000050cc                z_fatal_error
 .text.z_sys_init_run_level
                0x00000000000050fc       0x48 zephyr/kernel/libkernel.a(init.c.obj)
 .text.bg_thread_main
                0x0000000000005144       0x34 zephyr/kernel/libkernel.a(init.c.obj)
 .text.z_bss_zero
                0x0000000000005178       0x18 zephyr/kernel/libkernel.a(init.c.obj)
                0x0000000000005178                z_bss_zero
 .text.z_init_cpu
                0x0000000000005190       0x8c zephyr/kernel/libkernel.a(init.c.obj)
                0x0000000000005190                z_init_cpu
 .text.z_cstart
                0x000000000000521c       0xdc zephyr/kernel/libkernel.a(init.c.obj)
                0x000000000000521c                z_cstart
 .text.init_mem_slab_obj_core_list
                0x00000000000052f8       0x24 zephyr/kernel/libkernel.a(mem_slab.c.obj)
 .text.k_mem_slab_alloc
                0x000000000000531c       0x5c zephyr/kernel/libkernel.a(mem_slab.c.obj)
                0x000000000000531c                k_mem_slab_alloc
 .text.z_setup_new_thread
                0x0000000000005378       0x90 zephyr/kernel/libkernel.a(thread.c.obj)
                0x0000000000005378                z_setup_new_thread
 .text.z_impl_k_thread_create
                0x0000000000005408       0x58 zephyr/kernel/libkernel.a(thread.c.obj)
                0x0000000000005408                z_impl_k_thread_create
 .text.z_init_static_threads
                0x0000000000005460       0x98 zephyr/kernel/libkernel.a(thread.c.obj)
                0x0000000000005460                z_init_static_threads
 .text.sliceable
                0x00000000000054f8       0x3c zephyr/kernel/libkernel.a(sched.c.obj)
 .text.slice_timeout
                0x0000000000005534       0x20 zephyr/kernel/libkernel.a(sched.c.obj)
 .text.z_reset_time_slice
                0x0000000000005554       0x50 zephyr/kernel/libkernel.a(sched.c.obj)
                0x0000000000005554                z_reset_time_slice
 .text.update_cache
                0x00000000000055a4       0x3c zephyr/kernel/libkernel.a(sched.c.obj)
 .text.move_thread_to_end_of_prio_q
                0x00000000000055e0       0x74 zephyr/kernel/libkernel.a(sched.c.obj)
 .text.ready_thread
                0x0000000000005654       0x68 zephyr/kernel/libkernel.a(sched.c.obj)
 .text.unready_thread
                0x00000000000056bc       0x30 zephyr/kernel/libkernel.a(sched.c.obj)
 .text.pend_locked
                0x00000000000056ec       0x30 zephyr/kernel/libkernel.a(sched.c.obj)
 .text.z_thread_halt
                0x000000000000571c       0xa0 zephyr/kernel/libkernel.a(sched.c.obj)
 .text.z_time_slice
                0x00000000000057bc       0x60 zephyr/kernel/libkernel.a(sched.c.obj)
                0x00000000000057bc                z_time_slice
 .text.z_pend_curr
                0x000000000000581c       0x3c zephyr/kernel/libkernel.a(sched.c.obj)
                0x000000000000581c                z_pend_curr
 .text.z_set_prio
                0x0000000000005858       0x8c zephyr/kernel/libkernel.a(sched.c.obj)
                0x0000000000005858                z_set_prio
 .text.z_reschedule
                0x00000000000058e4       0x24 zephyr/kernel/libkernel.a(sched.c.obj)
                0x00000000000058e4                z_reschedule
 .text.z_sched_start
                0x0000000000005908       0x3c zephyr/kernel/libkernel.a(sched.c.obj)
                0x0000000000005908                z_sched_start
 .text.z_reschedule_irqlock
                0x0000000000005944       0x28 zephyr/kernel/libkernel.a(sched.c.obj)
                0x0000000000005944                z_reschedule_irqlock
 .text.k_sched_lock
                0x000000000000596c       0x28 zephyr/kernel/libkernel.a(sched.c.obj)
                0x000000000000596c                k_sched_lock
 .text.k_sched_unlock
                0x0000000000005994       0x38 zephyr/kernel/libkernel.a(sched.c.obj)
                0x0000000000005994                k_sched_unlock
 .text.z_sched_init
                0x00000000000059cc       0x10 zephyr/kernel/libkernel.a(sched.c.obj)
                0x00000000000059cc                z_sched_init
 .text.z_impl_k_yield
                0x00000000000059dc       0x7c zephyr/kernel/libkernel.a(sched.c.obj)
                0x00000000000059dc                z_impl_k_yield
 .text.z_tick_sleep
                0x0000000000005a58       0x88 zephyr/kernel/libkernel.a(sched.c.obj)
 .text.z_impl_k_sleep
                0x0000000000005ae0       0x3c zephyr/kernel/libkernel.a(sched.c.obj)
                0x0000000000005ae0                z_impl_k_sleep
 .text.z_impl_k_sched_current_thread_query
                0x0000000000005b1c        0xc zephyr/kernel/libkernel.a(sched.c.obj)
                0x0000000000005b1c                z_impl_k_sched_current_thread_query
 .text.z_impl_k_mutex_unlock
                0x0000000000005b28       0x78 zephyr/kernel/libkernel.a(mutex.c.obj)
                0x0000000000005b28                z_impl_k_mutex_unlock
 .text.z_impl_k_mutex_lock
                0x0000000000005ba0       0xf4 zephyr/kernel/libkernel.a(mutex.c.obj)
                0x0000000000005ba0                z_impl_k_mutex_lock
 .text.z_impl_k_sem_give
                0x0000000000005c94       0x48 zephyr/kernel/libkernel.a(sem.c.obj)
                0x0000000000005c94                z_impl_k_sem_give
 .text.z_impl_k_sem_take
                0x0000000000005cdc       0x50 zephyr/kernel/libkernel.a(sem.c.obj)
                0x0000000000005cdc                z_impl_k_sem_take
 .text.z_data_copy
                0x0000000000005d2c       0x34 zephyr/kernel/libkernel.a(xip.c.obj)
                0x0000000000005d2c                z_data_copy
 .text.elapsed  0x0000000000005d60       0x14 zephyr/kernel/libkernel.a(timeout.c.obj)
 .text.next_timeout
                0x0000000000005d74       0x40 zephyr/kernel/libkernel.a(timeout.c.obj)
 .text.remove_timeout
                0x0000000000005db4       0x38 zephyr/kernel/libkernel.a(timeout.c.obj)
 .text.z_add_timeout
                0x0000000000005dec       0xec zephyr/kernel/libkernel.a(timeout.c.obj)
                0x0000000000005dec                z_add_timeout
 .text.sys_clock_announce
                0x0000000000005ed8       0xd4 zephyr/kernel/libkernel.a(timeout.c.obj)
                0x0000000000005ed8                sys_clock_announce
 .text.sys_clock_tick_get
                0x0000000000005fac       0x34 zephyr/kernel/libkernel.a(timeout.c.obj)
                0x0000000000005fac                sys_clock_tick_get
 .text.z_timer_expiration_handler
                0x0000000000005fe0       0xe4 zephyr/kernel/libkernel.a(timer.c.obj)
                0x0000000000005fe0                z_timer_expiration_handler
 .text.z_impl_k_timer_start
                0x00000000000060c4       0x74 zephyr/kernel/libkernel.a(timer.c.obj)
                0x00000000000060c4                z_impl_k_timer_start
 .text.boot_banner
                0x0000000000006138        0xc zephyr/kernel/libkernel.a(banner.c.obj)
                0x0000000000006138                boot_banner
 .text.nrf_cc3xx_platform_init_no_rng
                0x0000000000006144       0x38 /opt/nordic/ncs/v2.6.99-cs2/nrfxlib/crypto/nrf_cc310_platform/lib/cortex-m4/soft-float/no-interrupts/libnrf_cc310_platform_0.9.19.a(nrf_cc3xx_platform.c.obj)
                0x0000000000006144                nrf_cc3xx_platform_init_no_rng
 .text.nrf_cc3xx_platform_abort
                0x000000000000617c       0x24 /opt/nordic/ncs/v2.6.99-cs2/nrfxlib/crypto/nrf_cc310_platform/lib/cortex-m4/soft-float/no-interrupts/libnrf_cc310_platform_0.9.19.a(nrf_cc3xx_platform_abort.c.obj)
 .text.CC_PalAbort
                0x00000000000061a0       0x34 /opt/nordic/ncs/v2.6.99-cs2/nrfxlib/crypto/nrf_cc310_platform/lib/cortex-m4/soft-float/no-interrupts/libnrf_cc310_platform_0.9.19.a(nrf_cc3xx_platform_abort.c.obj)
                0x00000000000061a0                CC_PalAbort
 .text.nrf_cc3xx_platform_set_abort
                0x00000000000061d4       0x10 /opt/nordic/ncs/v2.6.99-cs2/nrfxlib/crypto/nrf_cc310_platform/lib/cortex-m4/soft-float/no-interrupts/libnrf_cc310_platform_0.9.19.a(nrf_cc3xx_platform_abort.c.obj)
                0x00000000000061d4                nrf_cc3xx_platform_set_abort
 .text.mutex_free
                0x00000000000061e4       0x34 /opt/nordic/ncs/v2.6.99-cs2/nrfxlib/crypto/nrf_cc310_platform/lib/cortex-m4/soft-float/no-interrupts/libnrf_cc310_platform_0.9.19.a(nrf_cc3xx_platform_mutex.c.obj)
 .text.mutex_lock
                0x0000000000006218       0x48 /opt/nordic/ncs/v2.6.99-cs2/nrfxlib/crypto/nrf_cc310_platform/lib/cortex-m4/soft-float/no-interrupts/libnrf_cc310_platform_0.9.19.a(nrf_cc3xx_platform_mutex.c.obj)
 .text.mutex_unlock
                0x0000000000006260       0x38 /opt/nordic/ncs/v2.6.99-cs2/nrfxlib/crypto/nrf_cc310_platform/lib/cortex-m4/soft-float/no-interrupts/libnrf_cc310_platform_0.9.19.a(nrf_cc3xx_platform_mutex.c.obj)
 .text.mutex_init
                0x0000000000006298       0x20 /opt/nordic/ncs/v2.6.99-cs2/nrfxlib/crypto/nrf_cc310_platform/lib/cortex-m4/soft-float/no-interrupts/libnrf_cc310_platform_0.9.19.a(nrf_cc3xx_platform_mutex.c.obj)
 .text.nrf_cc3xx_platform_set_mutexes
                0x00000000000062b8       0x74 /opt/nordic/ncs/v2.6.99-cs2/nrfxlib/crypto/nrf_cc310_platform/lib/cortex-m4/soft-float/no-interrupts/libnrf_cc310_platform_0.9.19.a(nrf_cc3xx_platform_mutex.c.obj)
                0x00000000000062b8                nrf_cc3xx_platform_set_mutexes
 .text.CC_LibInitNoRng
                0x000000000000632c       0x64 /opt/nordic/ncs/v2.6.99-cs2/nrfxlib/crypto/nrf_cc310_platform/lib/cortex-m4/soft-float/no-interrupts/libnrf_cc310_platform_0.9.19.a(cc_lib.c.obj)
                0x000000000000632c                CC_LibInitNoRng
 .text.CC_HalInit
                0x0000000000006390        0x4 /opt/nordic/ncs/v2.6.99-cs2/nrfxlib/crypto/nrf_cc310_platform/lib/cortex-m4/soft-float/no-interrupts/libnrf_cc310_platform_0.9.19.a(cc_hal.c.obj)
                0x0000000000006390                CC_HalInit
 .text.CC_HalTerminate
                0x0000000000006394        0x4 /opt/nordic/ncs/v2.6.99-cs2/nrfxlib/crypto/nrf_cc310_platform/lib/cortex-m4/soft-float/no-interrupts/libnrf_cc310_platform_0.9.19.a(cc_hal.c.obj)
                0x0000000000006394                CC_HalTerminate
 .text.CC_HalMaskInterrupt
                0x0000000000006398        0xc /opt/nordic/ncs/v2.6.99-cs2/nrfxlib/crypto/nrf_cc310_platform/lib/cortex-m4/soft-float/no-interrupts/libnrf_cc310_platform_0.9.19.a(cc_hal.c.obj)
                0x0000000000006398                CC_HalMaskInterrupt
 .text.CC_PalInit
                0x00000000000063a4       0x5c /opt/nordic/ncs/v2.6.99-cs2/nrfxlib/crypto/nrf_cc310_platform/lib/cortex-m4/soft-float/no-interrupts/libnrf_cc310_platform_0.9.19.a(cc_pal.c.obj)
                0x00000000000063a4                CC_PalInit
 .text.CC_PalTerminate
                0x0000000000006400       0x34 /opt/nordic/ncs/v2.6.99-cs2/nrfxlib/crypto/nrf_cc310_platform/lib/cortex-m4/soft-float/no-interrupts/libnrf_cc310_platform_0.9.19.a(cc_pal.c.obj)
                0x0000000000006400                CC_PalTerminate
 .text.CC_PalDmaInit
                0x0000000000006434        0x4 /opt/nordic/ncs/v2.6.99-cs2/nrfxlib/crypto/nrf_cc310_platform/lib/cortex-m4/soft-float/no-interrupts/libnrf_cc310_platform_0.9.19.a(cc_pal_dma.c.obj)
                0x0000000000006434                CC_PalDmaInit
 .text.CC_PalDmaTerminate
                0x0000000000006438        0x4 /opt/nordic/ncs/v2.6.99-cs2/nrfxlib/crypto/nrf_cc310_platform/lib/cortex-m4/soft-float/no-interrupts/libnrf_cc310_platform_0.9.19.a(cc_pal_dma.c.obj)
                0x0000000000006438                CC_PalDmaTerminate
 .text.CC_PalMutexCreate
                0x000000000000643c       0x14 /opt/nordic/ncs/v2.6.99-cs2/nrfxlib/crypto/nrf_cc310_platform/lib/cortex-m4/soft-float/no-interrupts/libnrf_cc310_platform_0.9.19.a(cc_pal_mutex.c.obj)
                0x000000000000643c                CC_PalMutexCreate
 .text.CC_PalMutexDestroy
                0x0000000000006450       0x14 /opt/nordic/ncs/v2.6.99-cs2/nrfxlib/crypto/nrf_cc310_platform/lib/cortex-m4/soft-float/no-interrupts/libnrf_cc310_platform_0.9.19.a(cc_pal_mutex.c.obj)
                0x0000000000006450                CC_PalMutexDestroy
 .text.CC_PalPowerSaveModeInit
                0x0000000000006464       0x3c /opt/nordic/ncs/v2.6.99-cs2/nrfxlib/crypto/nrf_cc310_platform/lib/cortex-m4/soft-float/no-interrupts/libnrf_cc310_platform_0.9.19.a(cc_pal_pm.c.obj)
                0x0000000000006464                CC_PalPowerSaveModeInit
 .text.CC_PalPowerSaveModeSelect
                0x00000000000064a0       0x84 /opt/nordic/ncs/v2.6.99-cs2/nrfxlib/crypto/nrf_cc310_platform/lib/cortex-m4/soft-float/no-interrupts/libnrf_cc310_platform_0.9.19.a(cc_pal_pm.c.obj)
                0x00000000000064a0                CC_PalPowerSaveModeSelect
 .text.exit     0x0000000000006524       0x1c /opt/nordic/ncs/toolchains/580e4ef81c/opt/zephyr-sdk/arm-zephyr-eabi/bin/../lib/gcc/../../picolibc/arm-zephyr-eabi/lib/thumb/v7e-m/nofp/libc.a(libc_stdlib_pico-exit.c.o)
                0x0000000000006524                exit
 .text.printf   0x0000000000006540       0x24 /opt/nordic/ncs/toolchains/580e4ef81c/opt/zephyr-sdk/arm-zephyr-eabi/bin/../lib/gcc/../../picolibc/arm-zephyr-eabi/lib/thumb/v7e-m/nofp/libc.a(libc_tinystdio_printf.c.o)
                0x0000000000006540                printf
 .text.putchar  0x0000000000006564        0xc /opt/nordic/ncs/toolchains/580e4ef81c/opt/zephyr-sdk/arm-zephyr-eabi/bin/../lib/gcc/../../picolibc/arm-zephyr-eabi/lib/thumb/v7e-m/nofp/libc.a(libc_tinystdio_putchar.c.o)
                0x0000000000006564                putchar
 .text.puts     0x0000000000006570       0x40 /opt/nordic/ncs/toolchains/580e4ef81c/opt/zephyr-sdk/arm-zephyr-eabi/bin/../lib/gcc/../../picolibc/arm-zephyr-eabi/lib/thumb/v7e-m/nofp/libc.a(libc_tinystdio_puts.c.o)
                0x0000000000006570                puts
 .text.sprintf  0x00000000000065b0       0x50 /opt/nordic/ncs/toolchains/580e4ef81c/opt/zephyr-sdk/arm-zephyr-eabi/bin/../lib/gcc/../../picolibc/arm-zephyr-eabi/lib/thumb/v7e-m/nofp/libc.a(libc_tinystdio_sprintf.c.o)
                0x00000000000065b0                sprintf
 .text.strtol   0x0000000000006600       0xec /opt/nordic/ncs/toolchains/580e4ef81c/opt/zephyr-sdk/arm-zephyr-eabi/bin/../lib/gcc/../../picolibc/arm-zephyr-eabi/lib/thumb/v7e-m/nofp/libc.a(libc_tinystdio_strtol.c.o)
                0x0000000000006600                strtol
 .text.__l_vfprintf
                0x00000000000066ec      0x4b8 /opt/nordic/ncs/toolchains/580e4ef81c/opt/zephyr-sdk/arm-zephyr-eabi/bin/../lib/gcc/../../picolibc/arm-zephyr-eabi/lib/thumb/v7e-m/nofp/libc.a(libc_tinystdio_vflprintf.c.o)
                0x00000000000066ec                __l_vfprintf
 .text.__libc_fini_array
                0x0000000000006ba4       0x2c /opt/nordic/ncs/toolchains/580e4ef81c/opt/zephyr-sdk/arm-zephyr-eabi/bin/../lib/gcc/../../picolibc/arm-zephyr-eabi/lib/thumb/v7e-m/nofp/libc.a(libc_misc_fini.c.o)
                0x0000000000006ba4                __libc_fini_array
 .text._OffsetAbsSyms
                0x0000000000006bd0        0x2 zephyr/CMakeFiles/offsets.dir/./arch/arm/core/offsets/offsets.c.obj
                0x0000000000006bd0                _OffsetAbsSyms
 .text.gpio_pin_configure_dt.constprop.0
                0x0000000000006bd2       0x34 app/libapp.a(main.c.obj)
 .text.gpio_pin_set_dt.constprop.0.isra.0
                0x0000000000006c06       0x1a app/libapp.a(main.c.obj)
 .text.k_uptime_get
                0x0000000000006c20       0x1c app/libapp.a(threads.c.obj)
 .text.k_sem_init.constprop.0.isra.0
                0x0000000000006c3c        0x6 app/libapp.a(threads.c.obj)
 .text.k_sem_take.constprop.0.isra.0
                0x0000000000006c42        0x4 app/libapp.a(threads.c.obj)
 .text.gpio_pin_set_dt.isra.0
                0x0000000000006c46       0x28 app/libapp.a(threads.c.obj)
 .text.k_msleep.isra.0
                0x0000000000006c6e       0x26 app/libapp.a(threads.c.obj)
 .text.k_sem_give
                0x0000000000006c94        0x4 app/libapp.a(uart.c.obj)
 .text.k_sem_take.constprop.0.isra.0
                0x0000000000006c98        0x4 app/libapp.a(uart.c.obj)
 .text.chunk_size
                0x0000000000006c9c        0xa zephyr/libzephyr.a(heap.c.obj)
 .text.free_list_add
                0x0000000000006ca6       0x4e zephyr/libzephyr.a(heap.c.obj)
 .text.sys_heap_init
                0x0000000000006cf4       0x7a zephyr/libzephyr.a(heap.c.obj)
                0x0000000000006cf4                sys_heap_init
 .text.arch_printk_char_out
                0x0000000000006d6e        0x4 zephyr/libzephyr.a(printk.c.obj)
                0x0000000000006d6e                arch_printk_char_out
 .text.printk   0x0000000000006d72       0x1a zephyr/libzephyr.a(printk.c.obj)
                0x0000000000006d72                printk
 .text.process_recheck
                0x0000000000006d8c       0x38 zephyr/libzephyr.a(onoff.c.obj)
 .text.validate_args
                0x0000000000006dc4       0x20 zephyr/libzephyr.a(onoff.c.obj)
 .text.notify_one
                0x0000000000006de4       0x2c zephyr/libzephyr.a(onoff.c.obj)
 .text.transition_complete
                0x0000000000006e10       0x1c zephyr/libzephyr.a(onoff.c.obj)
 .text.onoff_manager_init
                0x0000000000006e2c       0x26 zephyr/libzephyr.a(onoff.c.obj)
                0x0000000000006e2c                onoff_manager_init
 .text.onoff_request
                0x0000000000006e52       0xb0 zephyr/libzephyr.a(onoff.c.obj)
                0x0000000000006e52                onoff_request
 .text.sys_notify_validate
                0x0000000000006f02       0x22 zephyr/libzephyr.a(notify.c.obj)
                0x0000000000006f02                sys_notify_validate
 .text.sys_notify_finalize
                0x0000000000006f24       0x1a zephyr/libzephyr.a(notify.c.obj)
                0x0000000000006f24                sys_notify_finalize
 .text._ConfigAbsSyms
                0x0000000000006f3e        0x2 zephyr/libzephyr.a(configs.c.obj)
                0x0000000000006f3e                _ConfigAbsSyms
 .text.abort_function
                0x0000000000006f40        0x8 zephyr/libzephyr.a(nrf_cc3xx_platform_abort_zephyr.c.obj)
 .text.z_arm_fatal_error
                0x0000000000006f48        0x4 zephyr/arch/arch/arm/core/libarch__arm__core.a(fatal.c.obj)
                0x0000000000006f48                z_arm_fatal_error
 .text.z_do_kernel_oops
                0x0000000000006f4c        0x8 zephyr/arch/arch/arm/core/libarch__arm__core.a(fatal.c.obj)
                0x0000000000006f4c                z_do_kernel_oops
 .text.z_arm_nmi
                0x0000000000006f54        0xe zephyr/arch/arch/arm/core/libarch__arm__core.a(nmi.c.obj)
                0x0000000000006f54                z_arm_nmi
 .text.z_irq_spurious
                0x0000000000006f62        0x8 zephyr/arch/arch/arm/core/cortex_m/libarch__arm__core__cortex_m.a(irq_manage.c.obj)
                0x0000000000006f62                z_irq_spurious
 .text.size_to_mpu_rasr_size
                0x0000000000006f6a       0x20 zephyr/arch/arch/arm/core/mpu/libarch__arm__core__mpu.a(arm_mpu.c.obj)
 .text.picolibc_put
                0x0000000000006f8a        0xa zephyr/lib/libc/picolibc/liblib__libc__picolibc.a(libc-hooks.c.obj)
 .text.adc_context_on_timer_expired
                0x0000000000006f94       0x2e zephyr/drivers/adc/libdrivers__adc.a(adc_nrfx_saadc.c.obj)
 .text.get_status
                0x0000000000006fc2       0x12 zephyr/drivers/clock_control/libdrivers__clock_control.a(clock_control_nrf.c.obj)
 .text.set_on_state
                0x0000000000006fd4       0x26 zephyr/drivers/clock_control/libdrivers__clock_control.a(clock_control_nrf.c.obj)
 .text.stop     0x0000000000006ffa       0x54 zephyr/drivers/clock_control/libdrivers__clock_control.a(clock_control_nrf.c.obj)
 .text.api_stop
                0x000000000000704e        0x6 zephyr/drivers/clock_control/libdrivers__clock_control.a(clock_control_nrf.c.obj)
 .text.async_start
                0x0000000000007054       0x5e zephyr/drivers/clock_control/libdrivers__clock_control.a(clock_control_nrf.c.obj)
 .text.api_start
                0x00000000000070b2        0xe zephyr/drivers/clock_control/libdrivers__clock_control.a(clock_control_nrf.c.obj)
 .text.onoff_started_callback
                0x00000000000070c0       0x12 zephyr/drivers/clock_control/libdrivers__clock_control.a(clock_control_nrf.c.obj)
 .text.lfclk_start
                0x00000000000070d2        0x6 zephyr/drivers/clock_control/libdrivers__clock_control.a(clock_control_nrf.c.obj)
 .text.lfclk_stop
                0x00000000000070d8        0x6 zephyr/drivers/clock_control/libdrivers__clock_control.a(clock_control_nrf.c.obj)
 .text.blocking_start_callback
                0x00000000000070de        0x6 zephyr/drivers/clock_control/libdrivers__clock_control.a(clock_control_nrf.c.obj)
 .text.gpio_nrfx_port_get_raw
                0x00000000000070e4        0xe zephyr/drivers/gpio/libdrivers__gpio.a(gpio_nrfx.c.obj)
 .text.gpio_nrfx_port_set_masked_raw
                0x00000000000070f2       0x18 zephyr/drivers/gpio/libdrivers__gpio.a(gpio_nrfx.c.obj)
 .text.gpio_nrfx_port_set_bits_raw
                0x000000000000710a        0xc zephyr/drivers/gpio/libdrivers__gpio.a(gpio_nrfx.c.obj)
 .text.gpio_nrfx_port_clear_bits_raw
                0x0000000000007116        0xc zephyr/drivers/gpio/libdrivers__gpio.a(gpio_nrfx.c.obj)
 .text.gpio_nrfx_port_toggle_bits
                0x0000000000007122       0x1a zephyr/drivers/gpio/libdrivers__gpio.a(gpio_nrfx.c.obj)
 .text.gpio_nrfx_manage_callback
                0x000000000000713c       0x52 zephyr/drivers/gpio/libdrivers__gpio.a(gpio_nrfx.c.obj)
 .text.pinctrl_lookup_state
                0x000000000000718e       0x26 zephyr/drivers/pinctrl/libdrivers__pinctrl.a(common.c.obj)
                0x000000000000718e                pinctrl_lookup_state
 .text.uarte_nrfx_err_check
                0x00000000000071b4        0xe zephyr/drivers/serial/libdrivers__serial.a(uart_nrfx_uarte.c.obj)
 .text.tx_start
                0x00000000000071c2       0x50 zephyr/drivers/serial/libdrivers__serial.a(uart_nrfx_uarte.c.obj)
 .text.user_callback
                0x0000000000007212        0xe zephyr/drivers/serial/libdrivers__serial.a(uart_nrfx_uarte.c.obj)
 .text.notify_uart_rx_rdy
                0x0000000000007220       0x32 zephyr/drivers/serial/libdrivers__serial.a(uart_nrfx_uarte.c.obj)
 .text.rx_buf_release
                0x0000000000007252       0x30 zephyr/drivers/serial/libdrivers__serial.a(uart_nrfx_uarte.c.obj)
 .text.notify_rx_disable
                0x0000000000007282       0x22 zephyr/drivers/serial/libdrivers__serial.a(uart_nrfx_uarte.c.obj)
 .text.uarte_nrfx_rx_buf_rsp
                0x00000000000072a4       0x52 zephyr/drivers/serial/libdrivers__serial.a(uart_nrfx_uarte.c.obj)
 .text.uarte_nrfx_callback_set
                0x00000000000072f6       0x16 zephyr/drivers/serial/libdrivers__serial.a(uart_nrfx_uarte.c.obj)
 .text.uarte_nrfx_poll_in
                0x000000000000730c       0x32 zephyr/drivers/serial/libdrivers__serial.a(uart_nrfx_uarte.c.obj)
 .text.uarte_nrfx_rx_disable
                0x000000000000733e       0x4a zephyr/drivers/serial/libdrivers__serial.a(uart_nrfx_uarte.c.obj)
 .text.setup_tx_cache
                0x0000000000007388       0x30 zephyr/drivers/serial/libdrivers__serial.a(uart_nrfx_uarte.c.obj)
 .text.rx_flush.isra.0
                0x00000000000073b8       0x6a zephyr/drivers/serial/libdrivers__serial.a(uart_nrfx_uarte.c.obj)
 .text.async_uart_release
                0x0000000000007422       0x54 zephyr/drivers/serial/libdrivers__serial.a(uart_nrfx_uarte.c.obj)
 .text.is_tx_ready.isra.0
                0x0000000000007476       0x20 zephyr/drivers/serial/libdrivers__serial.a(uart_nrfx_uarte.c.obj)
 .text.start_tx_locked
                0x0000000000007496       0x36 zephyr/drivers/serial/libdrivers__serial.a(uart_nrfx_uarte.c.obj)
 .text.uarte_nrfx_rx_enable
                0x00000000000074cc      0x116 zephyr/drivers/serial/libdrivers__serial.a(uart_nrfx_uarte.c.obj)
 .text.rx_timeout
                0x00000000000075e2       0xaa zephyr/drivers/serial/libdrivers__serial.a(uart_nrfx_uarte.c.obj)
 .text.uarte_nrfx_tx_abort
                0x000000000000768c       0x2a zephyr/drivers/serial/libdrivers__serial.a(uart_nrfx_uarte.c.obj)
 .text.tx_timeout
                0x00000000000076b6        0x8 zephyr/drivers/serial/libdrivers__serial.a(uart_nrfx_uarte.c.obj)
 .text.event_clear
                0x00000000000076be       0x18 zephyr/drivers/timer/libdrivers__timer.a(nrf_rtc_timer.c.obj)
 .text.k_sys_fatal_error_handler
                0x00000000000076d6        0x8 modules/nrf/lib/fatal_error/lib..__nrf__lib__fatal_error.a(fatal_error.c.obj)
                0x00000000000076d6                k_sys_fatal_error_handler
 .text.hw_cc3xx_init_internal
                0x00000000000076de        0x4 modules/nrf/drivers/hw_cc3xx/lib..__nrf__drivers__hw_cc3xx.a(hw_cc3xx.c.obj)
 .text.hw_cc3xx_init
                0x00000000000076e2       0x12 modules/nrf/drivers/hw_cc3xx/lib..__nrf__drivers__hw_cc3xx.a(hw_cc3xx.c.obj)
 .text.nrfx_isr
                0x00000000000076f4        0x2 modules/hal_nordic/nrfx/libmodules__hal_nordic__nrfx.a(nrfx_glue.c.obj)
                0x00000000000076f4                nrfx_isr
 .text.nrfx_busy_wait
                0x00000000000076f6        0x4 modules/hal_nordic/nrfx/libmodules__hal_nordic__nrfx.a(nrfx_glue.c.obj)
                0x00000000000076f6                nrfx_busy_wait
 .text.nrfx_gppi_channel_endpoints_setup
                0x00000000000076fa       0x14 modules/hal_nordic/nrfx/libmodules__hal_nordic__nrfx.a(nrfx_gppi_ppi.c.obj)
                0x00000000000076fa                nrfx_gppi_channel_endpoints_setup
 .text.nrfx_clock_stop
                0x000000000000770e        0x4 modules/hal_nordic/nrfx/libmodules__hal_nordic__nrfx.a(nrfx_clock.c.obj)
                0x000000000000770e                nrfx_clock_stop
 .text.nrf_gpio_reconfigure
                0x0000000000007712       0x92 modules/hal_nordic/nrfx/libmodules__hal_nordic__nrfx.a(nrfx_gpiote.c.obj)
 .text.nrf_gpio_cfg_sense_set
                0x00000000000077a4       0x1e modules/hal_nordic/nrfx/libmodules__hal_nordic__nrfx.a(nrfx_gpiote.c.obj)
 .text.pin_trigger_disable
                0x00000000000077c2       0x48 modules/hal_nordic/nrfx/libmodules__hal_nordic__nrfx.a(nrfx_gpiote.c.obj)
 .text.nrfx_gpiote_pin_uninit
                0x000000000000780a        0x4 modules/hal_nordic/nrfx/libmodules__hal_nordic__nrfx.a(nrfx_gpiote.c.obj)
                0x000000000000780a                nrfx_gpiote_pin_uninit
 .text.nrfx_gpiote_trigger_disable
                0x000000000000780e        0x4 modules/hal_nordic/nrfx/libmodules__hal_nordic__nrfx.a(nrfx_gpiote.c.obj)
                0x000000000000780e                nrfx_gpiote_trigger_disable
 .text.SEGGER_RTT_Init
                0x0000000000007812        0x4 modules/segger/libmodules__segger.a(SEGGER_RTT.c.obj)
                0x0000000000007812                SEGGER_RTT_Init
 .text.rtt_init
                0x0000000000007816        0xa modules/segger/libmodules__segger.a(SEGGER_RTT_zephyr.c.obj)
 .text.z_impl_k_busy_wait
                0x0000000000007820        0x8 zephyr/kernel/libkernel.a(busy_wait.c.obj)
                0x0000000000007820                z_impl_k_busy_wait
 .text.z_device_state_init
                0x0000000000007828        0x2 zephyr/kernel/libkernel.a(device.c.obj)
                0x0000000000007828                z_device_state_init
 .text.z_device_is_ready
                0x000000000000782a       0x16 zephyr/kernel/libkernel.a(device.c.obj)
                0x000000000000782a                z_device_is_ready
 .text.z_early_memset
                0x0000000000007840        0x4 zephyr/kernel/libkernel.a(init.c.obj)
                0x0000000000007840                z_early_memset
 .text.z_early_memcpy
                0x0000000000007844        0x4 zephyr/kernel/libkernel.a(init.c.obj)
                0x0000000000007844                z_early_memcpy
 .text.create_free_list
                0x0000000000007848       0x2c zephyr/kernel/libkernel.a(mem_slab.c.obj)
 .text.k_mem_slab_init
                0x0000000000007874       0x1c zephyr/kernel/libkernel.a(mem_slab.c.obj)
                0x0000000000007874                k_mem_slab_init
 .text.k_mem_slab_free
                0x0000000000007890       0x4c zephyr/kernel/libkernel.a(mem_slab.c.obj)
                0x0000000000007890                k_mem_slab_free
 .text.k_is_in_isr
                0x00000000000078dc        0xc zephyr/kernel/libkernel.a(thread.c.obj)
                0x00000000000078dc                k_is_in_isr
 .text.sys_dlist_remove
                0x00000000000078e8       0x10 zephyr/kernel/libkernel.a(sched.c.obj)
 .text.unpend_thread_no_timeout
                0x00000000000078f8       0x14 zephyr/kernel/libkernel.a(sched.c.obj)
 .text.add_to_waitq_locked
                0x000000000000790c       0x50 zephyr/kernel/libkernel.a(sched.c.obj)
 .text.z_ready_thread
                0x000000000000795c       0x20 zephyr/kernel/libkernel.a(sched.c.obj)
                0x000000000000795c                z_ready_thread
 .text.z_impl_k_thread_suspend
                0x000000000000797c       0x36 zephyr/kernel/libkernel.a(sched.c.obj)
                0x000000000000797c                z_impl_k_thread_suspend
 .text.z_unpend_thread_no_timeout
                0x00000000000079b2       0x24 zephyr/kernel/libkernel.a(sched.c.obj)
                0x00000000000079b2                z_unpend_thread_no_timeout
 .text.z_sched_wake_thread
                0x00000000000079d6       0x44 zephyr/kernel/libkernel.a(sched.c.obj)
                0x00000000000079d6                z_sched_wake_thread
 .text.z_thread_timeout
                0x0000000000007a1a        0x8 zephyr/kernel/libkernel.a(sched.c.obj)
                0x0000000000007a1a                z_thread_timeout
 .text.z_unpend1_no_timeout
                0x0000000000007a22       0x2e zephyr/kernel/libkernel.a(sched.c.obj)
                0x0000000000007a22                z_unpend1_no_timeout
 .text.z_unpend_first_thread
                0x0000000000007a50       0x38 zephyr/kernel/libkernel.a(sched.c.obj)
                0x0000000000007a50                z_unpend_first_thread
 .text.z_reschedule_unlocked
                0x0000000000007a88       0x14 zephyr/kernel/libkernel.a(sched.c.obj)
 .text.z_thread_abort
                0x0000000000007a9c       0x42 zephyr/kernel/libkernel.a(sched.c.obj)
                0x0000000000007a9c                z_thread_abort
 .text.idle     0x0000000000007ade       0x18 zephyr/kernel/libkernel.a(idle.c.obj)
                0x0000000000007ade                idle
 .text.adjust_owner_prio.isra.0
                0x0000000000007af6       0x10 zephyr/kernel/libkernel.a(mutex.c.obj)
 .text.z_impl_k_mutex_init
                0x0000000000007b06        0xe zephyr/kernel/libkernel.a(mutex.c.obj)
                0x0000000000007b06                z_impl_k_mutex_init
 .text.z_impl_k_sem_init
                0x0000000000007b14       0x18 zephyr/kernel/libkernel.a(sem.c.obj)
                0x0000000000007b14                z_impl_k_sem_init
 .text.z_abort_timeout
                0x0000000000007b2c       0x2c zephyr/kernel/libkernel.a(timeout.c.obj)
                0x0000000000007b2c                z_abort_timeout
 .text.sys_clock_tick_get_32
                0x0000000000007b58        0x8 zephyr/kernel/libkernel.a(timeout.c.obj)
                0x0000000000007b58                sys_clock_tick_get_32
 .text.z_impl_k_uptime_ticks
                0x0000000000007b60        0x4 zephyr/kernel/libkernel.a(timeout.c.obj)
                0x0000000000007b60                z_impl_k_uptime_ticks
 .text.k_timer_init
                0x0000000000007b64       0x18 zephyr/kernel/libkernel.a(timer.c.obj)
                0x0000000000007b64                k_timer_init
 .text.z_impl_k_timer_stop
                0x0000000000007b7c       0x3a zephyr/kernel/libkernel.a(timer.c.obj)
                0x0000000000007b7c                z_impl_k_timer_stop
 .text.memcpy   0x0000000000007bb6       0x1c /opt/nordic/ncs/toolchains/580e4ef81c/opt/zephyr-sdk/arm-zephyr-eabi/bin/../lib/gcc/../../picolibc/arm-zephyr-eabi/lib/thumb/v7e-m/nofp/libc.a(memcpy.c.o)
                0x0000000000007bb6                memcpy
                0x0000000000007bb6                __aeabi_memcpy
                0x0000000000007bb6                __aeabi_memcpy4
                0x0000000000007bb6                __aeabi_memcpy8
 .text.memset   0x0000000000007bd2       0x10 /opt/nordic/ncs/toolchains/580e4ef81c/opt/zephyr-sdk/arm-zephyr-eabi/bin/../lib/gcc/../../picolibc/arm-zephyr-eabi/lib/thumb/v7e-m/nofp/libc.a(memset.c.o)
                0x0000000000007bd2                memset
 .text.atoi     0x0000000000007be2        0x8 /opt/nordic/ncs/toolchains/580e4ef81c/opt/zephyr-sdk/arm-zephyr-eabi/bin/../lib/gcc/../../picolibc/arm-zephyr-eabi/lib/thumb/v7e-m/nofp/libc.a(libc_stdlib_atoi.c.o)
                0x0000000000007be2                atoi
 .text.strcat   0x0000000000007bea       0x1e /opt/nordic/ncs/toolchains/580e4ef81c/opt/zephyr-sdk/arm-zephyr-eabi/bin/../lib/gcc/../../picolibc/arm-zephyr-eabi/lib/thumb/v7e-m/nofp/libc.a(libc_string_strcat.c.o)
                0x0000000000007bea                strcat
 .text.strchr   0x0000000000007c08       0x1a /opt/nordic/ncs/toolchains/580e4ef81c/opt/zephyr-sdk/arm-zephyr-eabi/bin/../lib/gcc/../../picolibc/arm-zephyr-eabi/lib/thumb/v7e-m/nofp/libc.a(libc_string_strchr.c.o)
                0x0000000000007c08                strchr
 .text.strncpy  0x0000000000007c22       0x20 /opt/nordic/ncs/toolchains/580e4ef81c/opt/zephyr-sdk/arm-zephyr-eabi/bin/../lib/gcc/../../picolibc/arm-zephyr-eabi/lib/thumb/v7e-m/nofp/libc.a(libc_string_strncpy.c.o)
                0x0000000000007c22                strncpy
 .text.strnlen  0x0000000000007c42       0x18 /opt/nordic/ncs/toolchains/580e4ef81c/opt/zephyr-sdk/arm-zephyr-eabi/bin/../lib/gcc/../../picolibc/arm-zephyr-eabi/lib/thumb/v7e-m/nofp/libc.a(libc_string_strnlen.c.o)
                0x0000000000007c42                strnlen
 .text.__ultoa_invert
                0x0000000000007c5a       0xae /opt/nordic/ncs/toolchains/580e4ef81c/opt/zephyr-sdk/arm-zephyr-eabi/bin/../lib/gcc/../../picolibc/arm-zephyr-eabi/lib/thumb/v7e-m/nofp/libc.a(libc_tinystdio_vflprintf.c.o)
 .text.__file_str_put
                0x0000000000007d08       0x10 /opt/nordic/ncs/toolchains/580e4ef81c/opt/zephyr-sdk/arm-zephyr-eabi/bin/../lib/gcc/../../picolibc/arm-zephyr-eabi/lib/thumb/v7e-m/nofp/libc.a(libc_tinystdio_filestrput.c.o)
                0x0000000000007d08                __file_str_put
 .text.fputc    0x0000000000007d18       0x28 /opt/nordic/ncs/toolchains/580e4ef81c/opt/zephyr-sdk/arm-zephyr-eabi/bin/../lib/gcc/../../picolibc/arm-zephyr-eabi/lib/thumb/v7e-m/nofp/libc.a(libc_tinystdio_fputc.c.o)
                0x0000000000007d18                putc
                0x0000000000007d18                fputc
 *(SORT_BY_ALIGNMENT(.TEXT.*))
 .TEXT.__aeabi_read_tp
                0x0000000000007d40        0xc zephyr/arch/arch/arm/core/cortex_m/libarch__arm__core__cortex_m.a(__aeabi_read_tp.S.obj)
                0x0000000000007d40                __aeabi_read_tp
 *(SORT_BY_ALIGNMENT(.gnu.linkonce.t.*))
 *(SORT_BY_ALIGNMENT(.glue_7t))
 .glue_7t       0x0000000000007d4c        0x0 linker stubs
 *(SORT_BY_ALIGNMENT(.glue_7))
 .glue_7        0x0000000000007d4c        0x0 linker stubs
 *(SORT_BY_ALIGNMENT(.vfp11_veneer))
 .vfp11_veneer  0x0000000000007d4c        0x0 linker stubs
 *(SORT_BY_ALIGNMENT(.v4_bx))
 .v4_bx         0x0000000000007d4c        0x0 linker stubs
                0x0000000000007d4c                . = ALIGN (0x4)
                0x0000000000007d4c                __text_region_end = .

.ARM.exidx      0x0000000000007d4c        0x8
                0x0000000000007d4c                __exidx_start = .
 *(SORT_BY_ALIGNMENT(.ARM.exidx*) SORT_BY_ALIGNMENT(gnu.linkonce.armexidx.*))
 .ARM.exidx     0x0000000000007d4c        0x8 /opt/nordic/ncs/toolchains/580e4ef81c/opt/zephyr-sdk/arm-zephyr-eabi/bin/../lib/gcc/arm-zephyr-eabi/12.2.0/thumb/v7e-m/nofp/libgcc.a(_udivmoddi4.o)
 .ARM.exidx     0x0000000000007d54        0x0 /opt/nordic/ncs/toolchains/580e4ef81c/opt/zephyr-sdk/arm-zephyr-eabi/bin/../lib/gcc/../../picolibc/arm-zephyr-eabi/lib/thumb/v7e-m/nofp/libc.a(strcpy.S.o)
                                          0x8 (size before relaxing)
                0x0000000000007d54                __exidx_end = .
                0x0000000000007d54                __rodata_region_start = .

initlevel       0x0000000000007d54       0x68
                0x0000000000007d54                __init_start = .
                0x0000000000007d54                __init_EARLY_start = .
 *(SORT_BY_NAME(SORT_BY_ALIGNMENT(.z_init_EARLY?_*)))
 *(SORT_BY_NAME(SORT_BY_ALIGNMENT(.z_init_EARLY??_*)))
                0x0000000000007d54                __init_PRE_KERNEL_1_start = .
 *(SORT_BY_NAME(SORT_BY_ALIGNMENT(.z_init_PRE_KERNEL_1?_*)))
 .z_init_PRE_KERNEL_10_0_
                0x0000000000007d54        0x8 zephyr/soc/soc/arm/nordic_nrf/libsoc__arm__nordic_nrf.a(soc.c.obj)
 *(SORT_BY_NAME(SORT_BY_ALIGNMENT(.z_init_PRE_KERNEL_1??_*)))
 .z_init_PRE_KERNEL_130_00075_
                0x0000000000007d5c        0x8 zephyr/drivers/clock_control/libdrivers__clock_control.a(clock_control_nrf.c.obj)
 .z_init_PRE_KERNEL_130_0_
                0x0000000000007d64        0x8 modules/segger/libmodules__segger.a(SEGGER_RTT_zephyr.c.obj)
 .z_init_PRE_KERNEL_130_0_
                0x0000000000007d6c        0x8 zephyr/kernel/libkernel.a(mem_slab.c.obj)
 .z_init_PRE_KERNEL_140_00011_
                0x0000000000007d74        0x8 zephyr/drivers/gpio/libdrivers__gpio.a(gpio_nrfx.c.obj)
 .z_init_PRE_KERNEL_140_00105_
                0x0000000000007d7c        0x8 zephyr/drivers/gpio/libdrivers__gpio.a(gpio_nrfx.c.obj)
 .z_init_PRE_KERNEL_140_0_
                0x0000000000007d84        0x8 modules/nrf/drivers/hw_cc3xx/lib..__nrf__drivers__hw_cc3xx.a(hw_cc3xx.c.obj)
 .z_init_PRE_KERNEL_155_00113_
                0x0000000000007d8c        0x8 zephyr/drivers/serial/libdrivers__serial.a(uart_nrfx_uarte.c.obj)
 .z_init_PRE_KERNEL_160_0_
                0x0000000000007d94        0x8 zephyr/drivers/console/libdrivers__console.a(uart_console.c.obj)
                0x0000000000007d9c                __init_PRE_KERNEL_2_start = .
 *(SORT_BY_NAME(SORT_BY_ALIGNMENT(.z_init_PRE_KERNEL_2?_*)))
 .z_init_PRE_KERNEL_20_0_
                0x0000000000007d9c        0x8 zephyr/drivers/timer/libdrivers__timer.a(nrf_rtc_timer.c.obj)
 *(SORT_BY_NAME(SORT_BY_ALIGNMENT(.z_init_PRE_KERNEL_2??_*)))
                0x0000000000007da4                __init_POST_KERNEL_start = .
 *(SORT_BY_NAME(SORT_BY_ALIGNMENT(.z_init_POST_KERNEL?_*)))
 *(SORT_BY_NAME(SORT_BY_ALIGNMENT(.z_init_POST_KERNEL??_*)))
 .z_init_POST_KERNEL40_0_
                0x0000000000007da4        0x8 zephyr/lib/libc/common/liblib__libc__common.a(malloc.c.obj)
 .z_init_POST_KERNEL40_0_
                0x0000000000007dac        0x8 modules/nrf/drivers/hw_cc3xx/lib..__nrf__drivers__hw_cc3xx.a(hw_cc3xx.c.obj)
 .z_init_POST_KERNEL50_00073_
                0x0000000000007db4        0x8 zephyr/drivers/adc/libdrivers__adc.a(adc_nrfx_saadc.c.obj)
                0x0000000000007dbc                __init_APPLICATION_start = .
 *(SORT_BY_NAME(SORT_BY_ALIGNMENT(.z_init_APPLICATION?_*)))
 *(SORT_BY_NAME(SORT_BY_ALIGNMENT(.z_init_APPLICATION??_*)))
                0x0000000000007dbc                __init_SMP_start = .
 *(SORT_BY_NAME(SORT_BY_ALIGNMENT(.z_init_SMP?_*)))
 *(SORT_BY_NAME(SORT_BY_ALIGNMENT(.z_init_SMP??_*)))
                0x0000000000007dbc                __init_end = .

device_area     0x0000000000007dbc       0x64
                0x0000000000007dbc                _device_list_start = .
 *(SORT_BY_NAME(SORT_BY_ALIGNMENT(._device.static.*_?_*)))
 *(SORT_BY_NAME(SORT_BY_ALIGNMENT(._device.static.*_??_*)))
 ._device.static.1_30_
                0x0000000000007dbc       0x14 zephyr/drivers/clock_control/libdrivers__clock_control.a(clock_control_nrf.c.obj)
                0x0000000000007dbc                __device_dts_ord_75
 ._device.static.1_40_
                0x0000000000007dd0       0x28 zephyr/drivers/gpio/libdrivers__gpio.a(gpio_nrfx.c.obj)
                0x0000000000007dd0                __device_dts_ord_105
                0x0000000000007de4                __device_dts_ord_11
 ._device.static.1_55_
                0x0000000000007df8       0x14 zephyr/drivers/serial/libdrivers__serial.a(uart_nrfx_uarte.c.obj)
                0x0000000000007df8                __device_dts_ord_113
 ._device.static.3_50_
                0x0000000000007e0c       0x14 zephyr/drivers/adc/libdrivers__adc.a(adc_nrfx_saadc.c.obj)
                0x0000000000007e0c                __device_dts_ord_73
                0x0000000000007e20                _device_list_end = .

sw_isr_table    0x0000000000007e20      0x180
                0x0000000000007e20                . = ALIGN (0x4)
 *(SORT_BY_ALIGNMENT(.gnu.linkonce.sw_isr_table*))
 .gnu.linkonce.sw_isr_table
                0x0000000000007e20      0x180 zephyr/CMakeFiles/zephyr_final.dir/isr_tables.c.obj
                0x0000000000007e20                _sw_isr_table

initlevel_error
                0x0000000000007d54        0x0
 *(SORT_BY_NAME(SORT_BY_ALIGNMENT(.z_init_[_A-Z0-9]*)))
                0x0000000000000001                ASSERT ((SIZEOF (initlevel_error) == 0x0), Undefined initialization levels used.)

app_shmem_regions
                0x0000000000007fa0        0x0
                0x0000000000007fa0                __app_shmem_regions_start = .
 *(SORT_BY_NAME(SORT_BY_ALIGNMENT(.app_regions.*)))
                0x0000000000007fa0                __app_shmem_regions_end = .

k_p4wq_initparam_area
                0x0000000000007fa0        0x0
                0x0000000000007fa0                _k_p4wq_initparam_list_start = .
 *(SORT_BY_NAME(SORT_BY_ALIGNMENT(._k_p4wq_initparam.static.*)))
                0x0000000000007fa0                _k_p4wq_initparam_list_end = .

_static_thread_data_area
                0x0000000000007fa0        0x0
                0x0000000000007fa0                __static_thread_data_list_start = .
 *(SORT_BY_NAME(SORT_BY_ALIGNMENT(.__static_thread_data.static.*)))
                0x0000000000007fa0                __static_thread_data_list_end = .

device_deps     0x0000000000007fa0        0x0
                0x0000000000007fa0                __device_deps_start = .
 *(SORT_BY_NAME(SORT_BY_ALIGNMENT(.__device_deps_pass2*)))
                0x0000000000007fa0                __device_deps_end = .

ztest           0x0000000000007fa0        0x0
                0x0000000000007fa0                _ztest_expected_result_entry_list_start = .
 *(SORT_BY_NAME(SORT_BY_ALIGNMENT(._ztest_expected_result_entry.static.*)))
                0x0000000000007fa0                _ztest_expected_result_entry_list_end = .
                0x0000000000007fa0                _ztest_suite_node_list_start = .
 *(SORT_BY_NAME(SORT_BY_ALIGNMENT(._ztest_suite_node.static.*)))
                0x0000000000007fa0                _ztest_suite_node_list_end = .
                0x0000000000007fa0                _ztest_unit_test_list_start = .
 *(SORT_BY_NAME(SORT_BY_ALIGNMENT(._ztest_unit_test.static.*)))
                0x0000000000007fa0                _ztest_unit_test_list_end = .
                0x0000000000007fa0                _ztest_test_rule_list_start = .
 *(SORT_BY_NAME(SORT_BY_ALIGNMENT(._ztest_test_rule.static.*)))
                0x0000000000007fa0                _ztest_test_rule_list_end = .

bt_l2cap_fixed_chan_area
                0x0000000000007fa0        0x0
                0x0000000000007fa0                _bt_l2cap_fixed_chan_list_start = .
 *(SORT_BY_NAME(SORT_BY_ALIGNMENT(._bt_l2cap_fixed_chan.static.*)))
                0x0000000000007fa0                _bt_l2cap_fixed_chan_list_end = .

bt_gatt_service_static_area
                0x0000000000007fa0        0x0
                0x0000000000007fa0                _bt_gatt_service_static_list_start = .
 *(SORT_BY_NAME(SORT_BY_ALIGNMENT(._bt_gatt_service_static.static.*)))
                0x0000000000007fa0                _bt_gatt_service_static_list_end = .

log_strings_area
                0x0000000000007fa0        0x0
                0x0000000000007fa0                _log_strings_list_start = .
 *(SORT_BY_NAME(SORT_BY_ALIGNMENT(._log_strings.static.*)))
                0x0000000000007fa0                _log_strings_list_end = .

log_const_area  0x0000000000007fa0        0x0
                0x0000000000007fa0                _log_const_list_start = .
 *(SORT_BY_NAME(SORT_BY_ALIGNMENT(._log_const.static.*)))
                0x0000000000007fa0                _log_const_list_end = .

log_backend_area
                0x0000000000007fa0        0x0
                0x0000000000007fa0                _log_backend_list_start = .
 *(SORT_BY_NAME(SORT_BY_ALIGNMENT(._log_backend.static.*)))
                0x0000000000007fa0                _log_backend_list_end = .

log_link_area   0x0000000000007fa0        0x0
                0x0000000000007fa0                _log_link_list_start = .
 *(SORT_BY_NAME(SORT_BY_ALIGNMENT(._log_link.static.*)))
                0x0000000000007fa0                _log_link_list_end = .

tracing_backend_area
                0x0000000000007fa0        0x0
                0x0000000000007fa0                _tracing_backend_list_start = .
 *(SORT_BY_NAME(SORT_BY_ALIGNMENT(._tracing_backend.static.*)))
                0x0000000000007fa0                _tracing_backend_list_end = .

zephyr_dbg_info
 *(SORT_BY_ALIGNMENT(.dbg_thread_info))

symbol_to_keep  0x0000000000007fa0        0x0
                0x0000000000007fa0                __symbol_to_keep_start = .
 *(SORT_BY_NAME(SORT_BY_ALIGNMENT(.symbol_to_keep*)))
                0x0000000000007fa0                __symbol_to_keep_end = .

shell_area      0x0000000000007fa0        0x0
                0x0000000000007fa0                _shell_list_start = .
 *(SORT_BY_NAME(SORT_BY_ALIGNMENT(._shell.static.*)))
                0x0000000000007fa0                _shell_list_end = .

shell_root_cmds_area
                0x0000000000007fa0        0x0
                0x0000000000007fa0                _shell_root_cmds_list_start = .
 *(SORT_BY_NAME(SORT_BY_ALIGNMENT(._shell_root_cmds.static.*)))
                0x0000000000007fa0                _shell_root_cmds_list_end = .

shell_subcmds_area
                0x0000000000007fa0        0x0
                0x0000000000007fa0                _shell_subcmds_list_start = .
 *(SORT_BY_NAME(SORT_BY_ALIGNMENT(._shell_subcmds.static.*)))
                0x0000000000007fa0                _shell_subcmds_list_end = .

shell_dynamic_subcmds_area
                0x0000000000007fa0        0x0
                0x0000000000007fa0                _shell_dynamic_subcmds_list_start = .
 *(SORT_BY_NAME(SORT_BY_ALIGNMENT(._shell_dynamic_subcmds.static.*)))
                0x0000000000007fa0                _shell_dynamic_subcmds_list_end = .

cfb_font_area   0x0000000000007fa0        0x0
                0x0000000000007fa0                _cfb_font_list_start = .
 *(SORT_BY_NAME(SORT_BY_ALIGNMENT(._cfb_font.static.*)))
                0x0000000000007fa0                _cfb_font_list_end = .

tdata           0x0000000000007fa0        0x0
 *(SORT_BY_ALIGNMENT(.tdata) SORT_BY_ALIGNMENT(.tdata.*) SORT_BY_ALIGNMENT(.gnu.linkonce.td.*))

tbss            0x0000000000007fa0        0x8
 *(SORT_BY_ALIGNMENT(.tbss) SORT_BY_ALIGNMENT(.tbss.*) SORT_BY_ALIGNMENT(.gnu.linkonce.tb.*) SORT_BY_ALIGNMENT(.tcommon))
 .tbss.z_tls_current
                0x0000000000007fa0        0x4 zephyr/libzephyr.a(thread_entry.c.obj)
                0x0000000000007fa0                z_tls_current
 .tbss.errno    0x0000000000007fa4        0x4 /opt/nordic/ncs/toolchains/580e4ef81c/opt/zephyr-sdk/arm-zephyr-eabi/bin/../lib/gcc/../../picolibc/arm-zephyr-eabi/lib/thumb/v7e-m/nofp/libc.a(libc_errno_errno.c.o)
                0x0000000000007fa4                errno
                0x0000000000007fa0                PROVIDE (__tdata_start = LOADADDR (tdata))
                0x0000000000000001                PROVIDE (__tdata_align = ALIGNOF (tdata))
                0x0000000000000000                PROVIDE (__tdata_size = (((SIZEOF (tdata) + __tdata_align) - 0x1) & ~ ((__tdata_align - 0x1))))
                [!provide]                        PROVIDE (__tdata_end = (__tdata_start + __tdata_size))
                0x0000000000000004                PROVIDE (__tbss_align = ALIGNOF (tbss))
                [!provide]                        PROVIDE (__tbss_start = ADDR (tbss))
                0x0000000000000008                PROVIDE (__tbss_size = (((SIZEOF (tbss) + __tbss_align) - 0x1) & ~ ((__tbss_align - 0x1))))
                [!provide]                        PROVIDE (__tbss_end = (__tbss_start + __tbss_size))
                [!provide]                        PROVIDE (__tls_start = __tdata_start)
                [!provide]                        PROVIDE (__tls_end = __tbss_end)
                [!provide]                        PROVIDE (__tls_size = (__tbss_end - __tdata_start))

rodata          0x0000000000007fa0      0xb14
 *(SORT_BY_ALIGNMENT(.rodata))
 *(SORT_BY_ALIGNMENT(.rodata.*))
 .rodata.delay_machine_code.0
                0x0000000000007fa0        0x6 zephyr/soc/soc/arm/nordic_nrf/libsoc__arm__nordic_nrf.a(soc.c.obj)
 *fill*         0x0000000000007fa6        0x2 
 .rodata.mem_attr_region
                0x0000000000007fa8        0x0 zephyr/libzephyr.a(mem_attr.c.obj)
 .rodata.apis   0x0000000000007fa8        0x8 zephyr/libzephyr.a(nrf_cc3xx_platform_abort_zephyr.c.obj)
 .rodata.mutexes
                0x0000000000007fb0       0x14 zephyr/libzephyr.a(nrf_cc3xx_platform_mutex_zephyr.c.obj)
 .rodata.mutex_apis
                0x0000000000007fc4       0x10 zephyr/libzephyr.a(nrf_cc3xx_platform_mutex_zephyr.c.obj)
 .rodata.static_regions
                0x0000000000007fd4        0xc zephyr/arch/arch/arm/core/mpu/libarch__arm__core__mpu.a(arm_core_mpu.c.obj)
 .rodata.mpu_config
                0x0000000000007fe0        0x8 zephyr/arch/arch/arm/core/mpu/libarch__arm__core__mpu.a(arm_mpu_regions.c.obj)
                0x0000000000007fe0                mpu_config
 .rodata.mpu_regions
                0x0000000000007fe8       0x18 zephyr/arch/arch/arm/core/mpu/libarch__arm__core__mpu.a(arm_mpu_regions.c.obj)
 .rodata.stdout
                0x0000000000008000        0x4 zephyr/lib/libc/picolibc/liblib__libc__picolibc.a(libc-hooks.c.obj)
                0x0000000000008000                stdout
                0x0000000000008000                stderr
 .rodata.adc_nrfx_driver_api
                0x0000000000008004        0xc zephyr/drivers/adc/libdrivers__adc.a(adc_nrfx_saadc.c.obj)
 .rodata.transitions.0
                0x0000000000008010        0xc zephyr/drivers/clock_control/libdrivers__clock_control.a(clock_control_nrf.c.obj)
 .rodata.config
                0x000000000000801c       0x10 zephyr/drivers/clock_control/libdrivers__clock_control.a(clock_control_nrf.c.obj)
 .rodata.clock_control_api
                0x000000000000802c       0x1c zephyr/drivers/clock_control/libdrivers__clock_control.a(clock_control_nrf.c.obj)
 .rodata.gpio_nrfx_p1_cfg
                0x0000000000008048       0x18 zephyr/drivers/gpio/libdrivers__gpio.a(gpio_nrfx.c.obj)
 .rodata.gpio_nrfx_p0_cfg
                0x0000000000008060       0x18 zephyr/drivers/gpio/libdrivers__gpio.a(gpio_nrfx.c.obj)
 .rodata.gpio_nrfx_drv_api_funcs
                0x0000000000008078       0x24 zephyr/drivers/gpio/libdrivers__gpio.a(gpio_nrfx.c.obj)
 .rodata.uarte_0z_config
                0x000000000000809c       0x18 zephyr/drivers/serial/libdrivers__serial.a(uart_nrfx_uarte.c.obj)
 .rodata.__pinctrl_dev_config__device_dts_ord_113
                0x00000000000080b4        0xc zephyr/drivers/serial/libdrivers__serial.a(uart_nrfx_uarte.c.obj)
 .rodata.__pinctrl_states__device_dts_ord_113
                0x00000000000080c0        0x8 zephyr/drivers/serial/libdrivers__serial.a(uart_nrfx_uarte.c.obj)
 .rodata.__pinctrl_state_pins_0__device_dts_ord_113
                0x00000000000080c8       0x10 zephyr/drivers/serial/libdrivers__serial.a(uart_nrfx_uarte.c.obj)
 .rodata.uart_nrfx_uarte_driver_api
                0x00000000000080d8       0x24 zephyr/drivers/serial/libdrivers__serial.a(uart_nrfx_uarte.c.obj)
 .rodata.levels.0
                0x00000000000080fc       0x18 zephyr/kernel/libkernel.a(init.c.obj)
 .rodata.CSWTCH.10
                0x0000000000008114       0x1c /opt/nordic/ncs/v2.6.99-cs2/nrfxlib/crypto/nrf_cc310_platform/lib/cortex-m4/soft-float/no-interrupts/libnrf_cc310_platform_0.9.19.a(nrf_cc3xx_platform.c.obj)
 .rodata.mutex_free.str1.4
                0x0000000000008130       0x26 /opt/nordic/ncs/v2.6.99-cs2/nrfxlib/crypto/nrf_cc310_platform/lib/cortex-m4/soft-float/no-interrupts/libnrf_cc310_platform_0.9.19.a(nrf_cc3xx_platform_mutex.c.obj)
 *fill*         0x0000000000008156        0x2 
 .rodata.mutex_init.str1.4
                0x0000000000008158       0x23 /opt/nordic/ncs/v2.6.99-cs2/nrfxlib/crypto/nrf_cc310_platform/lib/cortex-m4/soft-float/no-interrupts/libnrf_cc310_platform_0.9.19.a(nrf_cc3xx_platform_mutex.c.obj)
 *fill*         0x000000000000817b        0x1 
 .rodata.CC_PalPowerSaveModeInit.str1.4
                0x000000000000817c       0x20 /opt/nordic/ncs/v2.6.99-cs2/nrfxlib/crypto/nrf_cc310_platform/lib/cortex-m4/soft-float/no-interrupts/libnrf_cc310_platform_0.9.19.a(cc_pal_pm.c.obj)
 .rodata.outputs_config.str1.1
                0x000000000000819c       0xa4 app/libapp.a(main.c.obj)
 .rodata.adc_sample.str1.1
                0x0000000000008240       0x32 app/libapp.a(adc.c.obj)
 .rodata.button_config.str1.1
                0x0000000000008272      0x1ee app/libapp.a(IO.c.obj)
 .rodata.buttons_pins
                0x0000000000008460        0x4 app/libapp.a(IO.c.obj)
                0x0000000000008460                buttons_pins
 .rodata.thread_ADC_read.str1.1
                0x0000000000008464       0x29 app/libapp.a(threads.c.obj)
 .rodata.print_UI.str1.1
                0x000000000000848d      0x2a6 app/libapp.a(uart.c.obj)
                                        0x31e (size before relaxing)
 .rodata.uart_init.str1.1
                0x0000000000008733       0x5e app/libapp.a(uart.c.obj)
                                         0x86 (size before relaxing)
 .rodata.read_user_inp.str1.1
                0x0000000000008791       0xca app/libapp.a(uart.c.obj)
                                         0xcd (size before relaxing)
 .rodata.uart_cb.str1.1
                0x000000000000885b       0xfa app/libapp.a(uart.c.obj)
 .rodata.sys_reboot.str1.1
                0x0000000000008955       0x29 zephyr/libzephyr.a(reboot.c.obj)
 .rodata.mutex_free_platform.str1.1
                0x000000000000897e       0x26 zephyr/libzephyr.a(nrf_cc3xx_platform_mutex_zephyr.c.obj)
 .rodata.mutex_init_platform.str1.1
                0x00000000000089a4       0x2d zephyr/libzephyr.a(nrf_cc3xx_platform_mutex_zephyr.c.obj)
 .rodata.str1.1
                0x00000000000089d1        0xf zephyr/arch/arch/arm/core/mpu/libarch__arm__core__mpu.a(arm_mpu_regions.c.obj)
 .rodata._exit.str1.1
                0x00000000000089e0        0x6 zephyr/lib/libc/picolibc/liblib__libc__picolibc.a(libc-hooks.c.obj)
 .rodata.CSWTCH.5
                0x00000000000089e6        0x6 zephyr/soc/soc/arm/nordic_nrf/libsoc__arm__nordic_nrf.a(soc.c.obj)
 .rodata.str1.1
                0x00000000000089ec        0xd zephyr/drivers/adc/libdrivers__adc.a(adc_nrfx_saadc.c.obj)
 .rodata.str1.1
                0x00000000000089f9        0xf zephyr/drivers/clock_control/libdrivers__clock_control.a(clock_control_nrf.c.obj)
 .rodata.str1.1
                0x0000000000008a08       0x1c zephyr/drivers/gpio/libdrivers__gpio.a(gpio_nrfx.c.obj)
 .rodata.drive_modes
                0x0000000000008a24        0x8 zephyr/drivers/pinctrl/libdrivers__pinctrl.a(pinctrl_nrf.c.obj)
 .rodata.str1.1
                0x0000000000008a2c        0xe zephyr/drivers/serial/libdrivers__serial.a(uart_nrfx_uarte.c.obj)
 .rodata.CSWTCH.14
                0x0000000000008a3a        0x6 modules/hal_nordic/nrfx/libmodules__hal_nordic__nrfx.a(system_nrf52840.c.obj)
 .rodata.CSWTCH.5
                0x0000000000008a40        0x6 modules/hal_nordic/nrfx/libmodules__hal_nordic__nrfx.a(system_nrf52840.c.obj)
 .rodata.port_offset.1
                0x0000000000008a46       0x10 modules/hal_nordic/nrfx/libmodules__hal_nordic__nrfx.a(nrfx_gpiote.c.obj)
 .rodata.ports  0x0000000000008a56        0x2 modules/hal_nordic/nrfx/libmodules__hal_nordic__nrfx.a(nrfx_gpiote.c.obj)
 .rodata._DoInit.str1.1
                0x0000000000008a58        0x9 modules/segger/libmodules__segger.a(SEGGER_RTT.c.obj)
 .rodata._aInitStr.0